ARM GAS  C:\Users\doita\AppData\Local\Temp\ccSfAWix.s 			page 1


   1              		.syntax unified
   2              		.cpu cortex-m0plus
   3              		.fpu softvfp
   4              		.eabi_attribute 20, 1
   5              		.eabi_attribute 21, 1
   6              		.eabi_attribute 23, 3
   7              		.eabi_attribute 24, 1
   8              		.eabi_attribute 25, 1
   9              		.eabi_attribute 26, 1
  10              		.eabi_attribute 30, 1
  11              		.eabi_attribute 34, 0
  12              		.eabi_attribute 18, 4
  13              		.thumb
  14              		.syntax unified
  15              		.file	"cyfitter_cfg.c"
  16              		.text
  17              	.Ltext0:
  18              		.cfi_sections	.debug_frame
  19              		.section	.psocinit,"ax",%progbits
  20              		.align	2
  21              		.code	16
  22              		.thumb_func
  23              		.type	ClockSetup, %function
  24              	ClockSetup:
  25              	.LFB4:
  26              		.file 1 "Generated_Source\\PSoC4\\cyfitter_cfg.c"
   1:Generated_Source\PSoC4/cyfitter_cfg.c **** 
   2:Generated_Source\PSoC4/cyfitter_cfg.c **** /*******************************************************************************
   3:Generated_Source\PSoC4/cyfitter_cfg.c **** * File Name: cyfitter_cfg.c
   4:Generated_Source\PSoC4/cyfitter_cfg.c **** * 
   5:Generated_Source\PSoC4/cyfitter_cfg.c **** * PSoC Creator  4.4
   6:Generated_Source\PSoC4/cyfitter_cfg.c **** *
   7:Generated_Source\PSoC4/cyfitter_cfg.c **** * Description:
   8:Generated_Source\PSoC4/cyfitter_cfg.c **** * This file contains device initialization code.
   9:Generated_Source\PSoC4/cyfitter_cfg.c **** * Except for the user defined sections in CyClockStartupError(), this file should not be modified.
  10:Generated_Source\PSoC4/cyfitter_cfg.c **** * This file is automatically generated by PSoC Creator.
  11:Generated_Source\PSoC4/cyfitter_cfg.c **** *
  12:Generated_Source\PSoC4/cyfitter_cfg.c **** ********************************************************************************
  13:Generated_Source\PSoC4/cyfitter_cfg.c **** * Copyright (c) 2007-2020 Cypress Semiconductor.  All rights reserved.
  14:Generated_Source\PSoC4/cyfitter_cfg.c **** * You may use this file only in accordance with the license, terms, conditions, 
  15:Generated_Source\PSoC4/cyfitter_cfg.c **** * disclaimers, and limitations in the end user license agreement accompanying 
  16:Generated_Source\PSoC4/cyfitter_cfg.c **** * the software package with which this file was provided.
  17:Generated_Source\PSoC4/cyfitter_cfg.c **** ********************************************************************************/
  18:Generated_Source\PSoC4/cyfitter_cfg.c **** 
  19:Generated_Source\PSoC4/cyfitter_cfg.c **** #include <string.h>
  20:Generated_Source\PSoC4/cyfitter_cfg.c **** #include "cytypes.h"
  21:Generated_Source\PSoC4/cyfitter_cfg.c **** #include "cydevice_trm.h"
  22:Generated_Source\PSoC4/cyfitter_cfg.c **** #include "cyfitter.h"
  23:Generated_Source\PSoC4/cyfitter_cfg.c **** #include "CyLib.h"
  24:Generated_Source\PSoC4/cyfitter_cfg.c **** #include "CyLFClk.h"
  25:Generated_Source\PSoC4/cyfitter_cfg.c **** #include "cyfitter_cfg.h"
  26:Generated_Source\PSoC4/cyfitter_cfg.c **** #include "cyapicallbacks.h"
  27:Generated_Source\PSoC4/cyfitter_cfg.c **** 
  28:Generated_Source\PSoC4/cyfitter_cfg.c **** 
  29:Generated_Source\PSoC4/cyfitter_cfg.c **** #if defined(__GNUC__) || defined(__ARMCC_VERSION)
  30:Generated_Source\PSoC4/cyfitter_cfg.c ****     #define CYPACKED 
  31:Generated_Source\PSoC4/cyfitter_cfg.c ****     #define CYPACKED_ATTR __attribute__ ((packed))
ARM GAS  C:\Users\doita\AppData\Local\Temp\ccSfAWix.s 			page 2


  32:Generated_Source\PSoC4/cyfitter_cfg.c ****     #define CYALIGNED __attribute__ ((aligned))
  33:Generated_Source\PSoC4/cyfitter_cfg.c ****     #define CY_CFG_UNUSED __attribute__ ((unused))
  34:Generated_Source\PSoC4/cyfitter_cfg.c ****     #ifndef CY_CFG_SECTION
  35:Generated_Source\PSoC4/cyfitter_cfg.c ****         #define CY_CFG_SECTION __attribute__ ((section(".psocinit")))
  36:Generated_Source\PSoC4/cyfitter_cfg.c ****     #endif
  37:Generated_Source\PSoC4/cyfitter_cfg.c ****     
  38:Generated_Source\PSoC4/cyfitter_cfg.c ****     #if defined(__ARMCC_VERSION)
  39:Generated_Source\PSoC4/cyfitter_cfg.c ****         #define CY_CFG_MEMORY_BARRIER() __memory_changed()
  40:Generated_Source\PSoC4/cyfitter_cfg.c ****     #else
  41:Generated_Source\PSoC4/cyfitter_cfg.c ****         #define CY_CFG_MEMORY_BARRIER() __sync_synchronize()
  42:Generated_Source\PSoC4/cyfitter_cfg.c ****     #endif
  43:Generated_Source\PSoC4/cyfitter_cfg.c ****     
  44:Generated_Source\PSoC4/cyfitter_cfg.c **** #elif defined(__ICCARM__)
  45:Generated_Source\PSoC4/cyfitter_cfg.c ****     #include <intrinsics.h>
  46:Generated_Source\PSoC4/cyfitter_cfg.c **** 
  47:Generated_Source\PSoC4/cyfitter_cfg.c ****     #define CYPACKED __packed
  48:Generated_Source\PSoC4/cyfitter_cfg.c ****     #define CYPACKED_ATTR 
  49:Generated_Source\PSoC4/cyfitter_cfg.c ****     #define CYALIGNED _Pragma("data_alignment=4")
  50:Generated_Source\PSoC4/cyfitter_cfg.c ****     #define CY_CFG_UNUSED _Pragma("diag_suppress=Pe177")
  51:Generated_Source\PSoC4/cyfitter_cfg.c ****     #define CY_CFG_SECTION _Pragma("location=\".psocinit\"")
  52:Generated_Source\PSoC4/cyfitter_cfg.c ****     
  53:Generated_Source\PSoC4/cyfitter_cfg.c ****     #define CY_CFG_MEMORY_BARRIER() __DMB()
  54:Generated_Source\PSoC4/cyfitter_cfg.c ****     
  55:Generated_Source\PSoC4/cyfitter_cfg.c **** #else
  56:Generated_Source\PSoC4/cyfitter_cfg.c ****     #error Unsupported toolchain
  57:Generated_Source\PSoC4/cyfitter_cfg.c **** #endif
  58:Generated_Source\PSoC4/cyfitter_cfg.c **** 
  59:Generated_Source\PSoC4/cyfitter_cfg.c **** #ifndef CYCODE
  60:Generated_Source\PSoC4/cyfitter_cfg.c ****     #define CYCODE
  61:Generated_Source\PSoC4/cyfitter_cfg.c **** #endif
  62:Generated_Source\PSoC4/cyfitter_cfg.c **** #ifndef CYDATA
  63:Generated_Source\PSoC4/cyfitter_cfg.c ****     #define CYDATA
  64:Generated_Source\PSoC4/cyfitter_cfg.c **** #endif
  65:Generated_Source\PSoC4/cyfitter_cfg.c **** #ifndef CYFAR
  66:Generated_Source\PSoC4/cyfitter_cfg.c ****     #define CYFAR
  67:Generated_Source\PSoC4/cyfitter_cfg.c **** #endif
  68:Generated_Source\PSoC4/cyfitter_cfg.c **** #ifndef CYXDATA
  69:Generated_Source\PSoC4/cyfitter_cfg.c ****     #define CYXDATA
  70:Generated_Source\PSoC4/cyfitter_cfg.c **** #endif
  71:Generated_Source\PSoC4/cyfitter_cfg.c **** 
  72:Generated_Source\PSoC4/cyfitter_cfg.c **** 
  73:Generated_Source\PSoC4/cyfitter_cfg.c **** CY_CFG_UNUSED
  74:Generated_Source\PSoC4/cyfitter_cfg.c **** static void CYMEMZERO(void *s, size_t n);
  75:Generated_Source\PSoC4/cyfitter_cfg.c **** CY_CFG_UNUSED
  76:Generated_Source\PSoC4/cyfitter_cfg.c **** static void CYMEMZERO(void *s, size_t n)
  77:Generated_Source\PSoC4/cyfitter_cfg.c **** {
  78:Generated_Source\PSoC4/cyfitter_cfg.c **** 	(void)memset(s, 0, n);
  79:Generated_Source\PSoC4/cyfitter_cfg.c **** }
  80:Generated_Source\PSoC4/cyfitter_cfg.c **** CY_CFG_UNUSED
  81:Generated_Source\PSoC4/cyfitter_cfg.c **** static void CYCONFIGCPY(void *dest, const void *src, size_t n);
  82:Generated_Source\PSoC4/cyfitter_cfg.c **** CY_CFG_UNUSED
  83:Generated_Source\PSoC4/cyfitter_cfg.c **** static void CYCONFIGCPY(void *dest, const void *src, size_t n)
  84:Generated_Source\PSoC4/cyfitter_cfg.c **** {
  85:Generated_Source\PSoC4/cyfitter_cfg.c **** 	(void)memcpy(dest, src, n);
  86:Generated_Source\PSoC4/cyfitter_cfg.c **** }
  87:Generated_Source\PSoC4/cyfitter_cfg.c **** CY_CFG_UNUSED
  88:Generated_Source\PSoC4/cyfitter_cfg.c **** static void CYCONFIGCPYCODE(void *dest, const void *src, size_t n);
ARM GAS  C:\Users\doita\AppData\Local\Temp\ccSfAWix.s 			page 3


  89:Generated_Source\PSoC4/cyfitter_cfg.c **** CY_CFG_UNUSED
  90:Generated_Source\PSoC4/cyfitter_cfg.c **** static void CYCONFIGCPYCODE(void *dest, const void *src, size_t n)
  91:Generated_Source\PSoC4/cyfitter_cfg.c **** {
  92:Generated_Source\PSoC4/cyfitter_cfg.c **** 	(void)memcpy(dest, src, n);
  93:Generated_Source\PSoC4/cyfitter_cfg.c **** }
  94:Generated_Source\PSoC4/cyfitter_cfg.c **** 
  95:Generated_Source\PSoC4/cyfitter_cfg.c **** 
  96:Generated_Source\PSoC4/cyfitter_cfg.c **** 
  97:Generated_Source\PSoC4/cyfitter_cfg.c **** 
  98:Generated_Source\PSoC4/cyfitter_cfg.c **** /* Clock startup error codes                                                   */
  99:Generated_Source\PSoC4/cyfitter_cfg.c **** #define CYCLOCKSTART_NO_ERROR    0u
 100:Generated_Source\PSoC4/cyfitter_cfg.c **** #define CYCLOCKSTART_XTAL_ERROR  1u
 101:Generated_Source\PSoC4/cyfitter_cfg.c **** #define CYCLOCKSTART_32KHZ_ERROR 2u
 102:Generated_Source\PSoC4/cyfitter_cfg.c **** #define CYCLOCKSTART_PLL_ERROR   3u
 103:Generated_Source\PSoC4/cyfitter_cfg.c **** #define CYCLOCKSTART_FLL_ERROR   4u
 104:Generated_Source\PSoC4/cyfitter_cfg.c **** #define CYCLOCKSTART_WCO_ERROR   5u
 105:Generated_Source\PSoC4/cyfitter_cfg.c **** 
 106:Generated_Source\PSoC4/cyfitter_cfg.c **** 
 107:Generated_Source\PSoC4/cyfitter_cfg.c **** #ifdef CY_NEED_CYCLOCKSTARTUPERROR
 108:Generated_Source\PSoC4/cyfitter_cfg.c **** /*******************************************************************************
 109:Generated_Source\PSoC4/cyfitter_cfg.c **** * Function Name: CyClockStartupError
 110:Generated_Source\PSoC4/cyfitter_cfg.c **** ********************************************************************************
 111:Generated_Source\PSoC4/cyfitter_cfg.c **** * Summary:
 112:Generated_Source\PSoC4/cyfitter_cfg.c **** *  If an error is encountered during clock configuration (crystal startup error,
 113:Generated_Source\PSoC4/cyfitter_cfg.c **** *  PLL lock error, etc.), the system will end up here.  Unless reimplemented by
 114:Generated_Source\PSoC4/cyfitter_cfg.c **** *  the customer, this function will stop in an infinite loop.
 115:Generated_Source\PSoC4/cyfitter_cfg.c **** *
 116:Generated_Source\PSoC4/cyfitter_cfg.c **** * Parameters:
 117:Generated_Source\PSoC4/cyfitter_cfg.c **** *   void
 118:Generated_Source\PSoC4/cyfitter_cfg.c **** *
 119:Generated_Source\PSoC4/cyfitter_cfg.c **** * Return:
 120:Generated_Source\PSoC4/cyfitter_cfg.c **** *   void
 121:Generated_Source\PSoC4/cyfitter_cfg.c **** *
 122:Generated_Source\PSoC4/cyfitter_cfg.c **** *******************************************************************************/
 123:Generated_Source\PSoC4/cyfitter_cfg.c **** CY_CFG_UNUSED
 124:Generated_Source\PSoC4/cyfitter_cfg.c **** static void CyClockStartupError(uint8 errorCode);
 125:Generated_Source\PSoC4/cyfitter_cfg.c **** CY_CFG_UNUSED
 126:Generated_Source\PSoC4/cyfitter_cfg.c **** static void CyClockStartupError(uint8 errorCode)
 127:Generated_Source\PSoC4/cyfitter_cfg.c **** {
 128:Generated_Source\PSoC4/cyfitter_cfg.c ****     /* To remove the compiler warning if errorCode not used.                */
 129:Generated_Source\PSoC4/cyfitter_cfg.c ****     errorCode = errorCode;
 130:Generated_Source\PSoC4/cyfitter_cfg.c **** 
 131:Generated_Source\PSoC4/cyfitter_cfg.c ****     /* If we have a clock startup error (bad MHz crystal, PLL lock, etc.),  */
 132:Generated_Source\PSoC4/cyfitter_cfg.c ****     /* we will end up here to allow the customer to implement something to  */
 133:Generated_Source\PSoC4/cyfitter_cfg.c ****     /* deal with the clock condition.                                       */
 134:Generated_Source\PSoC4/cyfitter_cfg.c **** 
 135:Generated_Source\PSoC4/cyfitter_cfg.c **** #ifdef CY_CFG_CLOCK_STARTUP_ERROR_CALLBACK
 136:Generated_Source\PSoC4/cyfitter_cfg.c ****     CY_CFG_Clock_Startup_ErrorCallback();
 137:Generated_Source\PSoC4/cyfitter_cfg.c **** #else
 138:Generated_Source\PSoC4/cyfitter_cfg.c ****     /*  If not using CY_CFG_CLOCK_STARTUP_ERROR_CALLBACK, place your clock startup code here. */
 139:Generated_Source\PSoC4/cyfitter_cfg.c ****     /* `#START CyClockStartupError` */
 140:Generated_Source\PSoC4/cyfitter_cfg.c **** 
 141:Generated_Source\PSoC4/cyfitter_cfg.c **** 
 142:Generated_Source\PSoC4/cyfitter_cfg.c **** 
 143:Generated_Source\PSoC4/cyfitter_cfg.c ****     /* `#END` */
 144:Generated_Source\PSoC4/cyfitter_cfg.c **** 
 145:Generated_Source\PSoC4/cyfitter_cfg.c ****     while(1) {}
ARM GAS  C:\Users\doita\AppData\Local\Temp\ccSfAWix.s 			page 4


 146:Generated_Source\PSoC4/cyfitter_cfg.c **** #endif /* CY_CFG_CLOCK_STARTUP_ERROR_CALLBACK */
 147:Generated_Source\PSoC4/cyfitter_cfg.c **** }
 148:Generated_Source\PSoC4/cyfitter_cfg.c **** #endif
 149:Generated_Source\PSoC4/cyfitter_cfg.c **** 
 150:Generated_Source\PSoC4/cyfitter_cfg.c **** 
 151:Generated_Source\PSoC4/cyfitter_cfg.c **** 
 152:Generated_Source\PSoC4/cyfitter_cfg.c **** /*******************************************************************************
 153:Generated_Source\PSoC4/cyfitter_cfg.c **** * Function Name: ClockSetup
 154:Generated_Source\PSoC4/cyfitter_cfg.c **** ********************************************************************************
 155:Generated_Source\PSoC4/cyfitter_cfg.c **** *
 156:Generated_Source\PSoC4/cyfitter_cfg.c **** * Summary:
 157:Generated_Source\PSoC4/cyfitter_cfg.c **** *   Performs the initialization of all of the clocks in the device based on the
 158:Generated_Source\PSoC4/cyfitter_cfg.c **** *   settings in the Clock tab of the DWR.  This includes enabling the requested
 159:Generated_Source\PSoC4/cyfitter_cfg.c **** *   clocks and setting the necessary dividers to produce the desired frequency. 
 160:Generated_Source\PSoC4/cyfitter_cfg.c **** *
 161:Generated_Source\PSoC4/cyfitter_cfg.c **** * Parameters:
 162:Generated_Source\PSoC4/cyfitter_cfg.c **** *   void
 163:Generated_Source\PSoC4/cyfitter_cfg.c **** *
 164:Generated_Source\PSoC4/cyfitter_cfg.c **** * Return:
 165:Generated_Source\PSoC4/cyfitter_cfg.c **** *   void
 166:Generated_Source\PSoC4/cyfitter_cfg.c **** *
 167:Generated_Source\PSoC4/cyfitter_cfg.c **** *******************************************************************************/
 168:Generated_Source\PSoC4/cyfitter_cfg.c **** static void ClockSetup(void);
 169:Generated_Source\PSoC4/cyfitter_cfg.c **** CY_CFG_SECTION
 170:Generated_Source\PSoC4/cyfitter_cfg.c **** static void ClockSetup(void)
 171:Generated_Source\PSoC4/cyfitter_cfg.c **** {
  27              		.loc 1 171 0
  28              		.cfi_startproc
  29              		@ args = 0, pretend = 0, frame = 0
  30              		@ frame_needed = 0, uses_anonymous_args = 0
  31 0000 70B5     		push	{r4, r5, r6, lr}
  32              		.cfi_def_cfa_offset 16
  33              		.cfi_offset 4, -16
  34              		.cfi_offset 5, -12
  35              		.cfi_offset 6, -8
  36              		.cfi_offset 14, -4
 172:Generated_Source\PSoC4/cyfitter_cfg.c **** 
 173:Generated_Source\PSoC4/cyfitter_cfg.c **** 	/* Set Flash Cycles based on max possible frequency in case a glitch occurs during ClockSetup(). *
 174:Generated_Source\PSoC4/cyfitter_cfg.c **** 	CY_SET_REG32((void CYXDATA *)(CYREG_CPUSS_FLASH_CTL), (0x0012u));
  37              		.loc 1 174 0
  38 0002 194C     		ldr	r4, .L2
  39 0004 1223     		movs	r3, #18
  40 0006 2360     		str	r3, [r4]
 175:Generated_Source\PSoC4/cyfitter_cfg.c **** 	/* Update IMO to new clock speed. */
 176:Generated_Source\PSoC4/cyfitter_cfg.c **** 	CySysClkWriteImoFreq(24u);
  41              		.loc 1 176 0
  42 0008 1820     		movs	r0, #24
  43 000a FFF7FEFF 		bl	CySysClkWriteImoFreq
  44              	.LVL0:
 177:Generated_Source\PSoC4/cyfitter_cfg.c **** 
 178:Generated_Source\PSoC4/cyfitter_cfg.c **** 	/* Setup phase aligned clocks */
 179:Generated_Source\PSoC4/cyfitter_cfg.c **** 	CY_SET_REG32((void *)CYREG_PERI_DIV_16_CTL0, 0x0000FE00u);
  45              		.loc 1 179 0
  46 000e FE22     		movs	r2, #254
  47 0010 1202     		lsls	r2, r2, #8
  48 0012 164B     		ldr	r3, .L2+4
  49 0014 1A60     		str	r2, [r3]
ARM GAS  C:\Users\doita\AppData\Local\Temp\ccSfAWix.s 			page 5


 180:Generated_Source\PSoC4/cyfitter_cfg.c **** 	CY_SET_REG32((void *)CYREG_PERI_DIV_CMD, 0x8000FF40u);
  50              		.loc 1 180 0
  51 0016 164B     		ldr	r3, .L2+8
  52 0018 164A     		ldr	r2, .L2+12
  53 001a 1A60     		str	r2, [r3]
 181:Generated_Source\PSoC4/cyfitter_cfg.c **** 	CY_SET_REG32((void *)CYREG_PERI_DIV_16_CTL1, 0x00000700u);
  54              		.loc 1 181 0
  55 001c E022     		movs	r2, #224
  56 001e D200     		lsls	r2, r2, #3
  57 0020 1549     		ldr	r1, .L2+16
  58 0022 0A60     		str	r2, [r1]
 182:Generated_Source\PSoC4/cyfitter_cfg.c **** 	CY_SET_REG32((void *)CYREG_PERI_DIV_CMD, 0x8000FF41u);
  59              		.loc 1 182 0
  60 0024 1549     		ldr	r1, .L2+20
  61 0026 1960     		str	r1, [r3]
 183:Generated_Source\PSoC4/cyfitter_cfg.c **** 	CY_SET_REG32((void *)CYREG_PERI_DIV_16_CTL2, 0x00000700u);
  62              		.loc 1 183 0
  63 0028 1549     		ldr	r1, .L2+24
  64 002a 0A60     		str	r2, [r1]
 184:Generated_Source\PSoC4/cyfitter_cfg.c **** 	CY_SET_REG32((void *)CYREG_PERI_DIV_CMD, 0x8000FF42u);
  65              		.loc 1 184 0
  66 002c 154A     		ldr	r2, .L2+28
  67 002e 1A60     		str	r2, [r3]
 185:Generated_Source\PSoC4/cyfitter_cfg.c **** 
 186:Generated_Source\PSoC4/cyfitter_cfg.c **** 	/* CYDEV_CLK_SELECT Starting address: CYDEV_CLK_SELECT */
 187:Generated_Source\PSoC4/cyfitter_cfg.c **** 	CY_SET_REG32((void *)(CYREG_CLK_SELECT), 0x00000000u);
  68              		.loc 1 187 0
  69 0030 0025     		movs	r5, #0
  70 0032 154B     		ldr	r3, .L2+32
  71 0034 1D60     		str	r5, [r3]
 188:Generated_Source\PSoC4/cyfitter_cfg.c **** 
 189:Generated_Source\PSoC4/cyfitter_cfg.c **** 	/* CYDEV_PERI_PCLK_CTL5 Starting address: CYDEV_PERI_PCLK_CTL5 */
 190:Generated_Source\PSoC4/cyfitter_cfg.c **** 	CY_SET_REG32((void *)(CYREG_PERI_PCLK_CTL5), 0x00000040u);
  72              		.loc 1 190 0
  73 0036 4022     		movs	r2, #64
  74 0038 144B     		ldr	r3, .L2+36
  75 003a 1A60     		str	r2, [r3]
 191:Generated_Source\PSoC4/cyfitter_cfg.c **** 
 192:Generated_Source\PSoC4/cyfitter_cfg.c **** 	/* CYDEV_PERI_PCLK_CTL3 Starting address: CYDEV_PERI_PCLK_CTL3 */
 193:Generated_Source\PSoC4/cyfitter_cfg.c **** 	CY_SET_REG32((void *)(CYREG_PERI_PCLK_CTL3), 0x00000041u);
  76              		.loc 1 193 0
  77 003c 0132     		adds	r2, r2, #1
  78 003e 144B     		ldr	r3, .L2+40
  79 0040 1A60     		str	r2, [r3]
 194:Generated_Source\PSoC4/cyfitter_cfg.c **** 
 195:Generated_Source\PSoC4/cyfitter_cfg.c **** 	/* CYDEV_PERI_PCLK_CTL0 Starting address: CYDEV_PERI_PCLK_CTL0 */
 196:Generated_Source\PSoC4/cyfitter_cfg.c **** 	CY_SET_REG32((void *)(CYREG_PERI_PCLK_CTL0), 0x00000042u);
  80              		.loc 1 196 0
  81 0042 0132     		adds	r2, r2, #1
  82 0044 134B     		ldr	r3, .L2+44
  83 0046 1A60     		str	r2, [r3]
 197:Generated_Source\PSoC4/cyfitter_cfg.c **** 
 198:Generated_Source\PSoC4/cyfitter_cfg.c **** 	(void)CyIntSetVector(13u, &CySysTimerIsr);
  84              		.loc 1 198 0
  85 0048 1349     		ldr	r1, .L2+48
  86 004a 0D20     		movs	r0, #13
  87 004c FFF7FEFF 		bl	CyIntSetVector
ARM GAS  C:\Users\doita\AppData\Local\Temp\ccSfAWix.s 			page 6


  88              	.LVL1:
 199:Generated_Source\PSoC4/cyfitter_cfg.c **** 	CyIntEnable(13u);
  89              		.loc 1 199 0
  90 0050 0D20     		movs	r0, #13
  91 0052 FFF7FEFF 		bl	CyIntEnable
  92              	.LVL2:
 200:Generated_Source\PSoC4/cyfitter_cfg.c **** 	CY_SET_REG32((void *)(CYREG_WCO_WDT_CONFIG), 0x00000000u);
  93              		.loc 1 200 0
  94 0056 114B     		ldr	r3, .L2+52
  95 0058 1D60     		str	r5, [r3]
 201:Generated_Source\PSoC4/cyfitter_cfg.c **** 	CySysClkSetTimerSource(CY_SYS_CLK_TIMER_SRC_ILO);
  96              		.loc 1 201 0
  97 005a 0020     		movs	r0, #0
  98 005c FFF7FEFF 		bl	CySysClkSetTimerSource
  99              	.LVL3:
 202:Generated_Source\PSoC4/cyfitter_cfg.c **** 	/* Set Flash Cycles based on newly configured 24.00MHz HFCLK. */
 203:Generated_Source\PSoC4/cyfitter_cfg.c **** 	CY_SET_REG32((void CYXDATA *)(CYREG_CPUSS_FLASH_CTL), (0x0011u));
 100              		.loc 1 203 0
 101 0060 1123     		movs	r3, #17
 102 0062 2360     		str	r3, [r4]
 204:Generated_Source\PSoC4/cyfitter_cfg.c **** }
 103              		.loc 1 204 0
 104              		@ sp needed
 105 0064 70BD     		pop	{r4, r5, r6, pc}
 106              	.L3:
 107 0066 C046     		.align	2
 108              	.L2:
 109 0068 30001040 		.word	1074790448
 110 006c 00030140 		.word	1073808128
 111 0070 00000140 		.word	1073807360
 112 0074 40FF0080 		.word	-2147418304
 113 0078 04030140 		.word	1073808132
 114 007c 41FF0080 		.word	-2147418303
 115 0080 08030140 		.word	1073808136
 116 0084 42FF0080 		.word	-2147418302
 117 0088 28000340 		.word	1073938472
 118 008c 14010140 		.word	1073807636
 119 0090 0C010140 		.word	1073807628
 120 0094 00010140 		.word	1073807616
 121 0098 00000000 		.word	CySysTimerIsr
 122 009c 0C022240 		.word	1075970572
 123              		.cfi_endproc
 124              	.LFE4:
 125              		.size	ClockSetup, .-ClockSetup
 126              		.section	.text.SetAnalogRoutingPumps,"ax",%progbits
 127              		.align	2
 128              		.global	SetAnalogRoutingPumps
 129              		.code	16
 130              		.thumb_func
 131              		.type	SetAnalogRoutingPumps, %function
 132              	SetAnalogRoutingPumps:
 133              	.LFB6:
 205:Generated_Source\PSoC4/cyfitter_cfg.c **** 
 206:Generated_Source\PSoC4/cyfitter_cfg.c **** 
 207:Generated_Source\PSoC4/cyfitter_cfg.c **** /* Analog API Functions */
 208:Generated_Source\PSoC4/cyfitter_cfg.c **** 
 209:Generated_Source\PSoC4/cyfitter_cfg.c **** 
ARM GAS  C:\Users\doita\AppData\Local\Temp\ccSfAWix.s 			page 7


 210:Generated_Source\PSoC4/cyfitter_cfg.c **** /*******************************************************************************
 211:Generated_Source\PSoC4/cyfitter_cfg.c **** * Function Name: AnalogSetDefault
 212:Generated_Source\PSoC4/cyfitter_cfg.c **** ********************************************************************************
 213:Generated_Source\PSoC4/cyfitter_cfg.c **** *
 214:Generated_Source\PSoC4/cyfitter_cfg.c **** * Summary:
 215:Generated_Source\PSoC4/cyfitter_cfg.c **** *  Sets up the analog portions of the chip to default values based on chip
 216:Generated_Source\PSoC4/cyfitter_cfg.c **** *  configuration options from the project.
 217:Generated_Source\PSoC4/cyfitter_cfg.c **** *
 218:Generated_Source\PSoC4/cyfitter_cfg.c **** * Parameters:
 219:Generated_Source\PSoC4/cyfitter_cfg.c **** *  void
 220:Generated_Source\PSoC4/cyfitter_cfg.c **** *
 221:Generated_Source\PSoC4/cyfitter_cfg.c **** * Return:
 222:Generated_Source\PSoC4/cyfitter_cfg.c **** *  void
 223:Generated_Source\PSoC4/cyfitter_cfg.c **** *
 224:Generated_Source\PSoC4/cyfitter_cfg.c **** *******************************************************************************/
 225:Generated_Source\PSoC4/cyfitter_cfg.c **** static void AnalogSetDefault(void);
 226:Generated_Source\PSoC4/cyfitter_cfg.c **** static void AnalogSetDefault(void)
 227:Generated_Source\PSoC4/cyfitter_cfg.c **** {
 228:Generated_Source\PSoC4/cyfitter_cfg.c **** 	CY_SET_XTND_REG32((void CYFAR *)CYREG_HSIOM_AMUX_SPLIT_CTL0, 0x00000003u);
 229:Generated_Source\PSoC4/cyfitter_cfg.c **** 	CY_SET_XTND_REG32((void CYFAR *)CYREG_CSD_SW_DSI_SEL, 0x00000001u);
 230:Generated_Source\PSoC4/cyfitter_cfg.c **** 	CY_SET_XTND_REG32((void CYFAR *)CYREG_CTBM0_DFT_CTRL, 0x00000003u);
 231:Generated_Source\PSoC4/cyfitter_cfg.c **** 	CY_SET_XTND_REG32((void CYFAR *)CYREG_PASS_DSAB_DSAB_CTRL, 0x00000020u);
 232:Generated_Source\PSoC4/cyfitter_cfg.c **** 	SetAnalogRoutingPumps(1);
 233:Generated_Source\PSoC4/cyfitter_cfg.c **** }
 234:Generated_Source\PSoC4/cyfitter_cfg.c **** 
 235:Generated_Source\PSoC4/cyfitter_cfg.c **** 
 236:Generated_Source\PSoC4/cyfitter_cfg.c **** /*******************************************************************************
 237:Generated_Source\PSoC4/cyfitter_cfg.c **** * Function Name: SetAnalogRoutingPumps
 238:Generated_Source\PSoC4/cyfitter_cfg.c **** ********************************************************************************
 239:Generated_Source\PSoC4/cyfitter_cfg.c **** *
 240:Generated_Source\PSoC4/cyfitter_cfg.c **** * Summary:
 241:Generated_Source\PSoC4/cyfitter_cfg.c **** * Enables or disables the analog pumps feeding analog routing switches.
 242:Generated_Source\PSoC4/cyfitter_cfg.c **** * Intended to be called at startup, based on the Vdda system configuration;
 243:Generated_Source\PSoC4/cyfitter_cfg.c **** * may be called during operation when the user informs us that the Vdda voltage crossed the pump th
 244:Generated_Source\PSoC4/cyfitter_cfg.c **** *
 245:Generated_Source\PSoC4/cyfitter_cfg.c **** * Parameters:
 246:Generated_Source\PSoC4/cyfitter_cfg.c **** *  enabled - 1 to enable the pumps, 0 to disable the pumps
 247:Generated_Source\PSoC4/cyfitter_cfg.c **** *
 248:Generated_Source\PSoC4/cyfitter_cfg.c **** * Return:
 249:Generated_Source\PSoC4/cyfitter_cfg.c **** *  void
 250:Generated_Source\PSoC4/cyfitter_cfg.c **** *
 251:Generated_Source\PSoC4/cyfitter_cfg.c **** *******************************************************************************/
 252:Generated_Source\PSoC4/cyfitter_cfg.c **** void SetAnalogRoutingPumps(uint8 enabled)
 253:Generated_Source\PSoC4/cyfitter_cfg.c **** {
 134              		.loc 1 253 0
 135              		.cfi_startproc
 136              		@ args = 0, pretend = 0, frame = 0
 137              		@ frame_needed = 0, uses_anonymous_args = 0
 138              		@ link register save eliminated.
 139              	.LVL4:
 254:Generated_Source\PSoC4/cyfitter_cfg.c **** 	uint32 regValue = CY_GET_XTND_REG32((void *)(CYREG_SAR_PUMP_CTRL));
 140              		.loc 1 254 0
 141 0000 0B4B     		ldr	r3, .L9
 142 0002 1B68     		ldr	r3, [r3]
 143              	.LVL5:
 255:Generated_Source\PSoC4/cyfitter_cfg.c **** 	if (enabled != 0u)
 144              		.loc 1 255 0
ARM GAS  C:\Users\doita\AppData\Local\Temp\ccSfAWix.s 			page 8


 145 0004 0028     		cmp	r0, #0
 146 0006 03D0     		beq	.L5
 256:Generated_Source\PSoC4/cyfitter_cfg.c **** 	{
 257:Generated_Source\PSoC4/cyfitter_cfg.c **** 		regValue |= 0x80000000u;
 147              		.loc 1 257 0
 148 0008 8022     		movs	r2, #128
 149 000a 1206     		lsls	r2, r2, #24
 150 000c 1343     		orrs	r3, r2
 151              	.LVL6:
 152 000e 01E0     		b	.L6
 153              	.L5:
 258:Generated_Source\PSoC4/cyfitter_cfg.c **** 	}
 259:Generated_Source\PSoC4/cyfitter_cfg.c **** 	else
 260:Generated_Source\PSoC4/cyfitter_cfg.c **** 	{
 261:Generated_Source\PSoC4/cyfitter_cfg.c **** 		regValue &= ~0x80000000u;
 154              		.loc 1 261 0
 155 0010 5B00     		lsls	r3, r3, #1
 156              	.LVL7:
 157 0012 5B08     		lsrs	r3, r3, #1
 158              	.LVL8:
 159              	.L6:
 262:Generated_Source\PSoC4/cyfitter_cfg.c **** 	}
 263:Generated_Source\PSoC4/cyfitter_cfg.c **** 	CY_SET_XTND_REG32((void *)(CYREG_SAR_PUMP_CTRL), regValue);
 160              		.loc 1 263 0
 161 0014 064A     		ldr	r2, .L9
 162 0016 1360     		str	r3, [r2]
 264:Generated_Source\PSoC4/cyfitter_cfg.c **** 	regValue = CY_GET_XTND_REG32((void *)(CYREG_CLK_SELECT));
 163              		.loc 1 264 0
 164 0018 064B     		ldr	r3, .L9+4
 165              	.LVL9:
 166 001a 1B68     		ldr	r3, [r3]
 167              	.LVL10:
 265:Generated_Source\PSoC4/cyfitter_cfg.c **** 	if (enabled != 0u)
 168              		.loc 1 265 0
 169 001c 0028     		cmp	r0, #0
 170 001e 02D0     		beq	.L7
 266:Generated_Source\PSoC4/cyfitter_cfg.c **** 	{
 267:Generated_Source\PSoC4/cyfitter_cfg.c **** 		regValue |= 0x00000020u;
 171              		.loc 1 267 0
 172 0020 2022     		movs	r2, #32
 173 0022 1343     		orrs	r3, r2
 174              	.LVL11:
 175 0024 01E0     		b	.L8
 176              	.L7:
 268:Generated_Source\PSoC4/cyfitter_cfg.c **** 	}
 269:Generated_Source\PSoC4/cyfitter_cfg.c **** 	else
 270:Generated_Source\PSoC4/cyfitter_cfg.c **** 	{
 271:Generated_Source\PSoC4/cyfitter_cfg.c **** 		regValue &= ~0x00000020u;
 177              		.loc 1 271 0
 178 0026 2022     		movs	r2, #32
 179 0028 9343     		bics	r3, r2
 180              	.LVL12:
 181              	.L8:
 272:Generated_Source\PSoC4/cyfitter_cfg.c **** 	}
 273:Generated_Source\PSoC4/cyfitter_cfg.c **** 	CY_SET_XTND_REG32((void *)(CYREG_CLK_SELECT), regValue);
 182              		.loc 1 273 0
 183 002a 024A     		ldr	r2, .L9+4
ARM GAS  C:\Users\doita\AppData\Local\Temp\ccSfAWix.s 			page 9


 184 002c 1360     		str	r3, [r2]
 274:Generated_Source\PSoC4/cyfitter_cfg.c **** }
 185              		.loc 1 274 0
 186              		@ sp needed
 187 002e 7047     		bx	lr
 188              	.L10:
 189              		.align	2
 190              	.L9:
 191 0030 80033A40 		.word	1077543808
 192 0034 28000340 		.word	1073938472
 193              		.cfi_endproc
 194              	.LFE6:
 195              		.size	SetAnalogRoutingPumps, .-SetAnalogRoutingPumps
 196              		.section	.text.AnalogSetDefault,"ax",%progbits
 197              		.align	2
 198              		.code	16
 199              		.thumb_func
 200              		.type	AnalogSetDefault, %function
 201              	AnalogSetDefault:
 202              	.LFB5:
 227:Generated_Source\PSoC4/cyfitter_cfg.c **** 	CY_SET_XTND_REG32((void CYFAR *)CYREG_HSIOM_AMUX_SPLIT_CTL0, 0x00000003u);
 203              		.loc 1 227 0
 204              		.cfi_startproc
 205              		@ args = 0, pretend = 0, frame = 0
 206              		@ frame_needed = 0, uses_anonymous_args = 0
 207 0000 10B5     		push	{r4, lr}
 208              		.cfi_def_cfa_offset 8
 209              		.cfi_offset 4, -8
 210              		.cfi_offset 14, -4
 228:Generated_Source\PSoC4/cyfitter_cfg.c **** 	CY_SET_XTND_REG32((void CYFAR *)CYREG_CSD_SW_DSI_SEL, 0x00000001u);
 211              		.loc 1 228 0
 212 0002 0323     		movs	r3, #3
 213 0004 064A     		ldr	r2, .L12
 214 0006 1360     		str	r3, [r2]
 229:Generated_Source\PSoC4/cyfitter_cfg.c **** 	CY_SET_XTND_REG32((void CYFAR *)CYREG_CTBM0_DFT_CTRL, 0x00000003u);
 215              		.loc 1 229 0
 216 0008 0121     		movs	r1, #1
 217 000a 064A     		ldr	r2, .L12+4
 218 000c 1160     		str	r1, [r2]
 230:Generated_Source\PSoC4/cyfitter_cfg.c **** 	CY_SET_XTND_REG32((void CYFAR *)CYREG_PASS_DSAB_DSAB_CTRL, 0x00000020u);
 219              		.loc 1 230 0
 220 000e 064A     		ldr	r2, .L12+8
 221 0010 1360     		str	r3, [r2]
 231:Generated_Source\PSoC4/cyfitter_cfg.c **** 	SetAnalogRoutingPumps(1);
 222              		.loc 1 231 0
 223 0012 2022     		movs	r2, #32
 224 0014 054B     		ldr	r3, .L12+12
 225 0016 1A60     		str	r2, [r3]
 232:Generated_Source\PSoC4/cyfitter_cfg.c **** }
 226              		.loc 1 232 0
 227 0018 0120     		movs	r0, #1
 228 001a FFF7FEFF 		bl	SetAnalogRoutingPumps
 229              	.LVL13:
 233:Generated_Source\PSoC4/cyfitter_cfg.c **** 
 230              		.loc 1 233 0
 231              		@ sp needed
 232 001e 10BD     		pop	{r4, pc}
ARM GAS  C:\Users\doita\AppData\Local\Temp\ccSfAWix.s 			page 10


 233              	.L13:
 234              		.align	2
 235              	.L12:
 236 0020 00210240 		.word	1073881344
 237 0024 C0022940 		.word	1076429504
 238 0028 30003040 		.word	1076887600
 239 002c 000E3F40 		.word	1077874176
 240              		.cfi_endproc
 241              	.LFE5:
 242              		.size	AnalogSetDefault, .-AnalogSetDefault
 243              		.section	.psocinit
 244              		.align	2
 245              		.global	cyfitter_cfg
 246              		.code	16
 247              		.thumb_func
 248              		.type	cyfitter_cfg, %function
 249              	cyfitter_cfg:
 250              	.LFB7:
 275:Generated_Source\PSoC4/cyfitter_cfg.c **** 
 276:Generated_Source\PSoC4/cyfitter_cfg.c **** 
 277:Generated_Source\PSoC4/cyfitter_cfg.c **** 
 278:Generated_Source\PSoC4/cyfitter_cfg.c **** 
 279:Generated_Source\PSoC4/cyfitter_cfg.c **** /*******************************************************************************
 280:Generated_Source\PSoC4/cyfitter_cfg.c **** * Function Name: cyfitter_cfg
 281:Generated_Source\PSoC4/cyfitter_cfg.c **** ********************************************************************************
 282:Generated_Source\PSoC4/cyfitter_cfg.c **** * Summary:
 283:Generated_Source\PSoC4/cyfitter_cfg.c **** *  This function is called by the start-up code for the selected device. It
 284:Generated_Source\PSoC4/cyfitter_cfg.c **** *  performs all of the necessary device configuration based on the design
 285:Generated_Source\PSoC4/cyfitter_cfg.c **** *  settings.  This includes settings from the Design Wide Resources (DWR) such
 286:Generated_Source\PSoC4/cyfitter_cfg.c **** *  as Clocks and Pins as well as any component configuration that is necessary.
 287:Generated_Source\PSoC4/cyfitter_cfg.c **** *
 288:Generated_Source\PSoC4/cyfitter_cfg.c **** * Parameters:
 289:Generated_Source\PSoC4/cyfitter_cfg.c **** *   void
 290:Generated_Source\PSoC4/cyfitter_cfg.c **** *
 291:Generated_Source\PSoC4/cyfitter_cfg.c **** * Return:
 292:Generated_Source\PSoC4/cyfitter_cfg.c **** *   void
 293:Generated_Source\PSoC4/cyfitter_cfg.c **** *
 294:Generated_Source\PSoC4/cyfitter_cfg.c **** *******************************************************************************/
 295:Generated_Source\PSoC4/cyfitter_cfg.c **** CY_CFG_SECTION
 296:Generated_Source\PSoC4/cyfitter_cfg.c **** void cyfitter_cfg(void)
 297:Generated_Source\PSoC4/cyfitter_cfg.c **** {
 251              		.loc 1 297 0
 252              		.cfi_startproc
 253              		@ args = 0, pretend = 0, frame = 0
 254              		@ frame_needed = 0, uses_anonymous_args = 0
 255 00a0 10B5     		push	{r4, lr}
 256              		.cfi_def_cfa_offset 8
 257              		.cfi_offset 4, -8
 258              		.cfi_offset 14, -4
 298:Generated_Source\PSoC4/cyfitter_cfg.c **** 	/* Disable interrupts by default. Let user enable if/when they want. */
 299:Generated_Source\PSoC4/cyfitter_cfg.c **** 	CyGlobalIntDisable;
 259              		.loc 1 299 0
 260              		.syntax divided
 261              	@ 299 "Generated_Source\PSoC4\cyfitter_cfg.c" 1
 262 00a2 72B6     		CPSID   i
 263              	@ 0 "" 2
 300:Generated_Source\PSoC4/cyfitter_cfg.c **** 
ARM GAS  C:\Users\doita\AppData\Local\Temp\ccSfAWix.s 			page 11


 301:Generated_Source\PSoC4/cyfitter_cfg.c **** 	{
 302:Generated_Source\PSoC4/cyfitter_cfg.c **** 		/* HSIOM Starting address: CYDEV_HSIOM_BASE */
 303:Generated_Source\PSoC4/cyfitter_cfg.c **** 		CY_SET_REG32((void *)(CYREG_HSIOM_PORT_SEL3), 0x0000EE00u);
 264              		.loc 1 303 0
 265              		.thumb
 266              		.syntax unified
 267 00a4 EE22     		movs	r2, #238
 268 00a6 1202     		lsls	r2, r2, #8
 269 00a8 1B4B     		ldr	r3, .L15
 270 00aa 1A60     		str	r2, [r3]
 304:Generated_Source\PSoC4/cyfitter_cfg.c **** 		CY_SET_REG32((void *)(CYREG_HSIOM_PORT_SEL4), 0x00000099u);
 271              		.loc 1 304 0
 272 00ac 9923     		movs	r3, #153
 273 00ae 1B4A     		ldr	r2, .L15+4
 274 00b0 1360     		str	r3, [r2]
 305:Generated_Source\PSoC4/cyfitter_cfg.c **** 		CY_SET_REG32((void *)(CYREG_HSIOM_PORT_SEL7), 0x00000099u);
 275              		.loc 1 305 0
 276 00b2 1B4A     		ldr	r2, .L15+8
 277 00b4 1360     		str	r3, [r2]
 306:Generated_Source\PSoC4/cyfitter_cfg.c **** 
 307:Generated_Source\PSoC4/cyfitter_cfg.c **** 	}
 308:Generated_Source\PSoC4/cyfitter_cfg.c **** 
 309:Generated_Source\PSoC4/cyfitter_cfg.c **** 	/* Perform second pass device configuration. These items must be configured in specific order afte
 310:Generated_Source\PSoC4/cyfitter_cfg.c **** 	/* IOPINS0_0 Starting address: CYDEV_GPIO_PRT0_BASE */
 311:Generated_Source\PSoC4/cyfitter_cfg.c **** 	CY_SET_REG32((void *)(CYREG_GPIO_PRT0_PC), 0x00D86000u);
 278              		.loc 1 311 0
 279 00b6 1B4A     		ldr	r2, .L15+12
 280 00b8 1B4B     		ldr	r3, .L15+16
 281 00ba 1A60     		str	r2, [r3]
 312:Generated_Source\PSoC4/cyfitter_cfg.c **** 
 313:Generated_Source\PSoC4/cyfitter_cfg.c **** 	/* IOPINS0_1 Starting address: CYDEV_GPIO_PRT1_BASE */
 314:Generated_Source\PSoC4/cyfitter_cfg.c **** 	CY_SET_REG32((void *)(CYREG_GPIO_PRT1_PC), 0x00040000u);
 282              		.loc 1 314 0
 283 00bc 8022     		movs	r2, #128
 284 00be D202     		lsls	r2, r2, #11
 285 00c0 1A4B     		ldr	r3, .L15+20
 286 00c2 1A60     		str	r2, [r3]
 315:Generated_Source\PSoC4/cyfitter_cfg.c **** 
 316:Generated_Source\PSoC4/cyfitter_cfg.c **** 	/* IOPINS0_2 Starting address: CYDEV_GPIO_PRT2_BASE */
 317:Generated_Source\PSoC4/cyfitter_cfg.c **** 	CY_SET_REG32((void *)(CYDEV_GPIO_PRT2_BASE), 0x000000FEu);
 287              		.loc 1 317 0
 288 00c4 FE22     		movs	r2, #254
 289 00c6 1A4B     		ldr	r3, .L15+24
 290 00c8 1A60     		str	r2, [r3]
 318:Generated_Source\PSoC4/cyfitter_cfg.c **** 	CY_SET_REG32((void *)(CYREG_GPIO_PRT2_PC2), 0x000000FFu);
 291              		.loc 1 318 0
 292 00ca 0132     		adds	r2, r2, #1
 293 00cc 194B     		ldr	r3, .L15+28
 294 00ce 1A60     		str	r2, [r3]
 319:Generated_Source\PSoC4/cyfitter_cfg.c **** 
 320:Generated_Source\PSoC4/cyfitter_cfg.c **** 	/* IOPINS0_3 Starting address: CYDEV_GPIO_PRT3_BASE */
 321:Generated_Source\PSoC4/cyfitter_cfg.c **** 	CY_SET_REG32((void *)(CYDEV_GPIO_PRT3_BASE), 0x00000001u);
 295              		.loc 1 321 0
 296 00d0 0123     		movs	r3, #1
 297 00d2 194A     		ldr	r2, .L15+32
 298 00d4 1360     		str	r3, [r2]
 322:Generated_Source\PSoC4/cyfitter_cfg.c **** 	CY_SET_REG32((void *)(CYREG_GPIO_PRT3_PC), 0x001B6D80u);
ARM GAS  C:\Users\doita\AppData\Local\Temp\ccSfAWix.s 			page 12


 299              		.loc 1 322 0
 300 00d6 1949     		ldr	r1, .L15+36
 301 00d8 194A     		ldr	r2, .L15+40
 302 00da 1160     		str	r1, [r2]
 323:Generated_Source\PSoC4/cyfitter_cfg.c **** 	CY_SET_REG32((void *)(CYREG_GPIO_PRT3_PC2), 0x00000001u);
 303              		.loc 1 323 0
 304 00dc 194A     		ldr	r2, .L15+44
 305 00de 1360     		str	r3, [r2]
 324:Generated_Source\PSoC4/cyfitter_cfg.c **** 
 325:Generated_Source\PSoC4/cyfitter_cfg.c **** 	/* IOPINS0_4 Starting address: CYDEV_GPIO_PRT4_BASE */
 326:Generated_Source\PSoC4/cyfitter_cfg.c **** 	CY_SET_REG32((void *)(CYDEV_GPIO_PRT4_BASE), 0x00000002u);
 306              		.loc 1 326 0
 307 00e0 0133     		adds	r3, r3, #1
 308 00e2 194A     		ldr	r2, .L15+48
 309 00e4 1360     		str	r3, [r2]
 327:Generated_Source\PSoC4/cyfitter_cfg.c **** 	CY_SET_REG32((void *)(CYREG_GPIO_PRT4_PC), 0x00000031u);
 310              		.loc 1 327 0
 311 00e6 3122     		movs	r2, #49
 312 00e8 1849     		ldr	r1, .L15+52
 313 00ea 0A60     		str	r2, [r1]
 328:Generated_Source\PSoC4/cyfitter_cfg.c **** 	CY_SET_REG32((void *)(CYREG_GPIO_PRT4_PC2), 0x0000000Au);
 314              		.loc 1 328 0
 315 00ec 0A20     		movs	r0, #10
 316 00ee 1849     		ldr	r1, .L15+56
 317 00f0 0860     		str	r0, [r1]
 329:Generated_Source\PSoC4/cyfitter_cfg.c **** 
 330:Generated_Source\PSoC4/cyfitter_cfg.c **** 	/* IOPINS0_5 Starting address: CYDEV_GPIO_PRT5_BASE */
 331:Generated_Source\PSoC4/cyfitter_cfg.c **** 	CY_SET_REG32((void *)(CYREG_GPIO_PRT5_PC), 0x00030DB6u);
 318              		.loc 1 331 0
 319 00f2 1848     		ldr	r0, .L15+60
 320 00f4 1849     		ldr	r1, .L15+64
 321 00f6 0860     		str	r0, [r1]
 332:Generated_Source\PSoC4/cyfitter_cfg.c **** 
 333:Generated_Source\PSoC4/cyfitter_cfg.c **** 	/* IOPINS0_6 Starting address: CYDEV_GPIO_PRT6_BASE */
 334:Generated_Source\PSoC4/cyfitter_cfg.c **** 	CY_SET_REG32((void *)(CYDEV_GPIO_PRT6_BASE), 0x00000017u);
 322              		.loc 1 334 0
 323 00f8 1721     		movs	r1, #23
 324 00fa 1848     		ldr	r0, .L15+68
 325 00fc 0160     		str	r1, [r0]
 335:Generated_Source\PSoC4/cyfitter_cfg.c **** 	CY_SET_REG32((void *)(CYREG_GPIO_PRT6_PC2), 0x00000017u);
 326              		.loc 1 335 0
 327 00fe 1848     		ldr	r0, .L15+72
 328 0100 0160     		str	r1, [r0]
 336:Generated_Source\PSoC4/cyfitter_cfg.c **** 
 337:Generated_Source\PSoC4/cyfitter_cfg.c **** 	/* IOPINS0_7 Starting address: CYDEV_GPIO_PRT7_BASE */
 338:Generated_Source\PSoC4/cyfitter_cfg.c **** 	CY_SET_REG32((void *)(CYDEV_GPIO_PRT7_BASE), 0x00000002u);
 329              		.loc 1 338 0
 330 0102 1849     		ldr	r1, .L15+76
 331 0104 0B60     		str	r3, [r1]
 339:Generated_Source\PSoC4/cyfitter_cfg.c **** 	CY_SET_REG32((void *)(CYREG_GPIO_PRT7_PC), 0x00000031u);
 332              		.loc 1 339 0
 333 0106 1849     		ldr	r1, .L15+80
 334 0108 0A60     		str	r2, [r1]
 340:Generated_Source\PSoC4/cyfitter_cfg.c **** 	CY_SET_REG32((void *)(CYREG_GPIO_PRT7_PC2), 0x00000002u);
 335              		.loc 1 340 0
 336 010a 184A     		ldr	r2, .L15+84
 337 010c 1360     		str	r3, [r2]
ARM GAS  C:\Users\doita\AppData\Local\Temp\ccSfAWix.s 			page 13


 341:Generated_Source\PSoC4/cyfitter_cfg.c **** 
 342:Generated_Source\PSoC4/cyfitter_cfg.c **** 
 343:Generated_Source\PSoC4/cyfitter_cfg.c **** 	/* Setup clocks based on selections from Clock DWR */
 344:Generated_Source\PSoC4/cyfitter_cfg.c **** 	ClockSetup();
 338              		.loc 1 344 0
 339 010e FFF777FF 		bl	ClockSetup
 340              	.LVL14:
 345:Generated_Source\PSoC4/cyfitter_cfg.c **** 
 346:Generated_Source\PSoC4/cyfitter_cfg.c **** 	/* Perform basic analog initialization to defaults */
 347:Generated_Source\PSoC4/cyfitter_cfg.c **** 	AnalogSetDefault();
 341              		.loc 1 347 0
 342 0112 FFF7FEFF 		bl	AnalogSetDefault
 343              	.LVL15:
 348:Generated_Source\PSoC4/cyfitter_cfg.c **** 
 349:Generated_Source\PSoC4/cyfitter_cfg.c **** }
 344              		.loc 1 349 0
 345              		@ sp needed
 346 0116 10BD     		pop	{r4, pc}
 347              	.L16:
 348              		.align	2
 349              	.L15:
 350 0118 00030240 		.word	1073873664
 351 011c 00040240 		.word	1073873920
 352 0120 00070240 		.word	1073874688
 353 0124 0060D800 		.word	14180352
 354 0128 08000440 		.word	1074003976
 355 012c 08010440 		.word	1074004232
 356 0130 00020440 		.word	1074004480
 357 0134 18020440 		.word	1074004504
 358 0138 00030440 		.word	1074004736
 359 013c 806D1B00 		.word	1797504
 360 0140 08030440 		.word	1074004744
 361 0144 18030440 		.word	1074004760
 362 0148 00040440 		.word	1074004992
 363 014c 08040440 		.word	1074005000
 364 0150 18040440 		.word	1074005016
 365 0154 B60D0300 		.word	200118
 366 0158 08050440 		.word	1074005256
 367 015c 00060440 		.word	1074005504
 368 0160 18060440 		.word	1074005528
 369 0164 00070440 		.word	1074005760
 370 0168 08070440 		.word	1074005768
 371 016c 18070440 		.word	1074005784
 372              		.cfi_endproc
 373              	.LFE7:
 374              		.size	cyfitter_cfg, .-cyfitter_cfg
 375              		.text
 376              	.Letext0:
 377              		.file 2 "Generated_Source\\PSoC4\\cytypes.h"
 378              		.file 3 "Generated_Source\\PSoC4\\CyLib.h"
 379              		.file 4 "Generated_Source\\PSoC4\\CyLFClk.h"
 380              		.section	.debug_info,"",%progbits
 381              	.Ldebug_info0:
 382 0000 BF010000 		.4byte	0x1bf
 383 0004 0400     		.2byte	0x4
 384 0006 00000000 		.4byte	.Ldebug_abbrev0
 385 000a 04       		.byte	0x4
ARM GAS  C:\Users\doita\AppData\Local\Temp\ccSfAWix.s 			page 14


 386 000b 01       		.uleb128 0x1
 387 000c 97010000 		.4byte	.LASF25
 388 0010 0C       		.byte	0xc
 389 0011 35020000 		.4byte	.LASF26
 390 0015 5B000000 		.4byte	.LASF27
 391 0019 00000000 		.4byte	.Ldebug_ranges0+0
 392 001d 00000000 		.4byte	0
 393 0021 00000000 		.4byte	.Ldebug_line0
 394 0025 02       		.uleb128 0x2
 395 0026 04       		.byte	0x4
 396 0027 05       		.byte	0x5
 397 0028 696E7400 		.ascii	"int\000"
 398 002c 03       		.uleb128 0x3
 399 002d 04       		.byte	0x4
 400 002e 07       		.byte	0x7
 401 002f 1B010000 		.4byte	.LASF0
 402 0033 03       		.uleb128 0x3
 403 0034 08       		.byte	0x8
 404 0035 05       		.byte	0x5
 405 0036 48010000 		.4byte	.LASF1
 406 003a 03       		.uleb128 0x3
 407 003b 08       		.byte	0x8
 408 003c 04       		.byte	0x4
 409 003d 8B010000 		.4byte	.LASF2
 410 0041 03       		.uleb128 0x3
 411 0042 01       		.byte	0x1
 412 0043 06       		.byte	0x6
 413 0044 29020000 		.4byte	.LASF3
 414 0048 03       		.uleb128 0x3
 415 0049 01       		.byte	0x1
 416 004a 08       		.byte	0x8
 417 004b B8000000 		.4byte	.LASF4
 418 004f 03       		.uleb128 0x3
 419 0050 02       		.byte	0x2
 420 0051 05       		.byte	0x5
 421 0052 63010000 		.4byte	.LASF5
 422 0056 03       		.uleb128 0x3
 423 0057 02       		.byte	0x2
 424 0058 07       		.byte	0x7
 425 0059 48000000 		.4byte	.LASF6
 426 005d 03       		.uleb128 0x3
 427 005e 04       		.byte	0x4
 428 005f 05       		.byte	0x5
 429 0060 82010000 		.4byte	.LASF7
 430 0064 03       		.uleb128 0x3
 431 0065 04       		.byte	0x4
 432 0066 07       		.byte	0x7
 433 0067 C6000000 		.4byte	.LASF8
 434 006b 03       		.uleb128 0x3
 435 006c 08       		.byte	0x8
 436 006d 07       		.byte	0x7
 437 006e 28010000 		.4byte	.LASF9
 438 0072 03       		.uleb128 0x3
 439 0073 04       		.byte	0x4
 440 0074 07       		.byte	0x7
 441 0075 3F010000 		.4byte	.LASF10
 442 0079 03       		.uleb128 0x3
ARM GAS  C:\Users\doita\AppData\Local\Temp\ccSfAWix.s 			page 15


 443 007a 01       		.byte	0x1
 444 007b 08       		.byte	0x8
 445 007c 56010000 		.4byte	.LASF11
 446 0080 04       		.uleb128 0x4
 447 0081 D8000000 		.4byte	.LASF12
 448 0085 02       		.byte	0x2
 449 0086 FC01     		.2byte	0x1fc
 450 0088 48000000 		.4byte	0x48
 451 008c 04       		.uleb128 0x4
 452 008d 14010000 		.4byte	.LASF13
 453 0091 02       		.byte	0x2
 454 0092 FE01     		.2byte	0x1fe
 455 0094 64000000 		.4byte	0x64
 456 0098 03       		.uleb128 0x3
 457 0099 04       		.byte	0x4
 458 009a 04       		.byte	0x4
 459 009b B2000000 		.4byte	.LASF14
 460 009f 03       		.uleb128 0x3
 461 00a0 08       		.byte	0x8
 462 00a1 04       		.byte	0x4
 463 00a2 01010000 		.4byte	.LASF15
 464 00a6 04       		.uleb128 0x4
 465 00a7 00000000 		.4byte	.LASF16
 466 00ab 02       		.byte	0x2
 467 00ac A802     		.2byte	0x2a8
 468 00ae B2000000 		.4byte	0xb2
 469 00b2 05       		.uleb128 0x5
 470 00b3 8C000000 		.4byte	0x8c
 471 00b7 06       		.uleb128 0x6
 472 00b8 3D000000 		.4byte	.LASF17
 473 00bc 01       		.byte	0x1
 474 00bd AA       		.byte	0xaa
 475 00be 00000000 		.4byte	.LFB4
 476 00c2 A0000000 		.4byte	.LFE4-.LFB4
 477 00c6 01       		.uleb128 0x1
 478 00c7 9C       		.byte	0x9c
 479 00c8 16010000 		.4byte	0x116
 480 00cc 07       		.uleb128 0x7
 481 00cd 0E000000 		.4byte	.LVL0
 482 00d1 96010000 		.4byte	0x196
 483 00d5 DF000000 		.4byte	0xdf
 484 00d9 08       		.uleb128 0x8
 485 00da 01       		.uleb128 0x1
 486 00db 50       		.byte	0x50
 487 00dc 01       		.uleb128 0x1
 488 00dd 48       		.byte	0x48
 489 00de 00       		.byte	0
 490 00df 07       		.uleb128 0x7
 491 00e0 50000000 		.4byte	.LVL1
 492 00e4 A1010000 		.4byte	0x1a1
 493 00e8 F2000000 		.4byte	0xf2
 494 00ec 08       		.uleb128 0x8
 495 00ed 01       		.uleb128 0x1
 496 00ee 50       		.byte	0x50
 497 00ef 01       		.uleb128 0x1
 498 00f0 3D       		.byte	0x3d
 499 00f1 00       		.byte	0
ARM GAS  C:\Users\doita\AppData\Local\Temp\ccSfAWix.s 			page 16


 500 00f2 07       		.uleb128 0x7
 501 00f3 56000000 		.4byte	.LVL2
 502 00f7 AC010000 		.4byte	0x1ac
 503 00fb 05010000 		.4byte	0x105
 504 00ff 08       		.uleb128 0x8
 505 0100 01       		.uleb128 0x1
 506 0101 50       		.byte	0x50
 507 0102 01       		.uleb128 0x1
 508 0103 3D       		.byte	0x3d
 509 0104 00       		.byte	0
 510 0105 09       		.uleb128 0x9
 511 0106 60000000 		.4byte	.LVL3
 512 010a B7010000 		.4byte	0x1b7
 513 010e 08       		.uleb128 0x8
 514 010f 01       		.uleb128 0x1
 515 0110 50       		.byte	0x50
 516 0111 02       		.uleb128 0x2
 517 0112 75       		.byte	0x75
 518 0113 00       		.sleb128 0
 519 0114 00       		.byte	0
 520 0115 00       		.byte	0
 521 0116 0A       		.uleb128 0xa
 522 0117 EB000000 		.4byte	.LASF19
 523 011b 01       		.byte	0x1
 524 011c FC       		.byte	0xfc
 525 011d 00000000 		.4byte	.LFB6
 526 0121 38000000 		.4byte	.LFE6-.LFB6
 527 0125 01       		.uleb128 0x1
 528 0126 9C       		.byte	0x9c
 529 0127 48010000 		.4byte	0x148
 530 012b 0B       		.uleb128 0xb
 531 012c 5B010000 		.4byte	.LASF28
 532 0130 01       		.byte	0x1
 533 0131 FC       		.byte	0xfc
 534 0132 80000000 		.4byte	0x80
 535 0136 01       		.uleb128 0x1
 536 0137 50       		.byte	0x50
 537 0138 0C       		.uleb128 0xc
 538 0139 5B020000 		.4byte	.LASF29
 539 013d 01       		.byte	0x1
 540 013e FE       		.byte	0xfe
 541 013f 8C000000 		.4byte	0x8c
 542 0143 00000000 		.4byte	.LLST0
 543 0147 00       		.byte	0
 544 0148 06       		.uleb128 0x6
 545 0149 06000000 		.4byte	.LASF18
 546 014d 01       		.byte	0x1
 547 014e E2       		.byte	0xe2
 548 014f 00000000 		.4byte	.LFB5
 549 0153 30000000 		.4byte	.LFE5-.LFB5
 550 0157 01       		.uleb128 0x1
 551 0158 9C       		.byte	0x9c
 552 0159 6D010000 		.4byte	0x16d
 553 015d 09       		.uleb128 0x9
 554 015e 1E000000 		.4byte	.LVL13
 555 0162 16010000 		.4byte	0x116
 556 0166 08       		.uleb128 0x8
ARM GAS  C:\Users\doita\AppData\Local\Temp\ccSfAWix.s 			page 17


 557 0167 01       		.uleb128 0x1
 558 0168 50       		.byte	0x50
 559 0169 01       		.uleb128 0x1
 560 016a 31       		.byte	0x31
 561 016b 00       		.byte	0
 562 016c 00       		.byte	0
 563 016d 0D       		.uleb128 0xd
 564 016e DE000000 		.4byte	.LASF20
 565 0172 01       		.byte	0x1
 566 0173 2801     		.2byte	0x128
 567 0175 A0000000 		.4byte	.LFB7
 568 0179 D0000000 		.4byte	.LFE7-.LFB7
 569 017d 01       		.uleb128 0x1
 570 017e 9C       		.byte	0x9c
 571 017f 96010000 		.4byte	0x196
 572 0183 0E       		.uleb128 0xe
 573 0184 12010000 		.4byte	.LVL14
 574 0188 B7000000 		.4byte	0xb7
 575 018c 0E       		.uleb128 0xe
 576 018d 16010000 		.4byte	.LVL15
 577 0191 48010000 		.4byte	0x148
 578 0195 00       		.byte	0
 579 0196 0F       		.uleb128 0xf
 580 0197 6D010000 		.4byte	.LASF21
 581 019b 6D010000 		.4byte	.LASF21
 582 019f 03       		.byte	0x3
 583 01a0 6C       		.byte	0x6c
 584 01a1 0F       		.uleb128 0xf
 585 01a2 2E000000 		.4byte	.LASF22
 586 01a6 2E000000 		.4byte	.LASF22
 587 01aa 03       		.byte	0x3
 588 01ab D0       		.byte	0xd0
 589 01ac 0F       		.uleb128 0xf
 590 01ad 08010000 		.4byte	.LASF23
 591 01b1 08010000 		.4byte	.LASF23
 592 01b5 03       		.byte	0x3
 593 01b6 D6       		.byte	0xd6
 594 01b7 0F       		.uleb128 0xf
 595 01b8 17000000 		.4byte	.LASF24
 596 01bc 17000000 		.4byte	.LASF24
 597 01c0 04       		.byte	0x4
 598 01c1 9F       		.byte	0x9f
 599 01c2 00       		.byte	0
 600              		.section	.debug_abbrev,"",%progbits
 601              	.Ldebug_abbrev0:
 602 0000 01       		.uleb128 0x1
 603 0001 11       		.uleb128 0x11
 604 0002 01       		.byte	0x1
 605 0003 25       		.uleb128 0x25
 606 0004 0E       		.uleb128 0xe
 607 0005 13       		.uleb128 0x13
 608 0006 0B       		.uleb128 0xb
 609 0007 03       		.uleb128 0x3
 610 0008 0E       		.uleb128 0xe
 611 0009 1B       		.uleb128 0x1b
 612 000a 0E       		.uleb128 0xe
 613 000b 55       		.uleb128 0x55
ARM GAS  C:\Users\doita\AppData\Local\Temp\ccSfAWix.s 			page 18


 614 000c 17       		.uleb128 0x17
 615 000d 11       		.uleb128 0x11
 616 000e 01       		.uleb128 0x1
 617 000f 10       		.uleb128 0x10
 618 0010 17       		.uleb128 0x17
 619 0011 00       		.byte	0
 620 0012 00       		.byte	0
 621 0013 02       		.uleb128 0x2
 622 0014 24       		.uleb128 0x24
 623 0015 00       		.byte	0
 624 0016 0B       		.uleb128 0xb
 625 0017 0B       		.uleb128 0xb
 626 0018 3E       		.uleb128 0x3e
 627 0019 0B       		.uleb128 0xb
 628 001a 03       		.uleb128 0x3
 629 001b 08       		.uleb128 0x8
 630 001c 00       		.byte	0
 631 001d 00       		.byte	0
 632 001e 03       		.uleb128 0x3
 633 001f 24       		.uleb128 0x24
 634 0020 00       		.byte	0
 635 0021 0B       		.uleb128 0xb
 636 0022 0B       		.uleb128 0xb
 637 0023 3E       		.uleb128 0x3e
 638 0024 0B       		.uleb128 0xb
 639 0025 03       		.uleb128 0x3
 640 0026 0E       		.uleb128 0xe
 641 0027 00       		.byte	0
 642 0028 00       		.byte	0
 643 0029 04       		.uleb128 0x4
 644 002a 16       		.uleb128 0x16
 645 002b 00       		.byte	0
 646 002c 03       		.uleb128 0x3
 647 002d 0E       		.uleb128 0xe
 648 002e 3A       		.uleb128 0x3a
 649 002f 0B       		.uleb128 0xb
 650 0030 3B       		.uleb128 0x3b
 651 0031 05       		.uleb128 0x5
 652 0032 49       		.uleb128 0x49
 653 0033 13       		.uleb128 0x13
 654 0034 00       		.byte	0
 655 0035 00       		.byte	0
 656 0036 05       		.uleb128 0x5
 657 0037 35       		.uleb128 0x35
 658 0038 00       		.byte	0
 659 0039 49       		.uleb128 0x49
 660 003a 13       		.uleb128 0x13
 661 003b 00       		.byte	0
 662 003c 00       		.byte	0
 663 003d 06       		.uleb128 0x6
 664 003e 2E       		.uleb128 0x2e
 665 003f 01       		.byte	0x1
 666 0040 03       		.uleb128 0x3
 667 0041 0E       		.uleb128 0xe
 668 0042 3A       		.uleb128 0x3a
 669 0043 0B       		.uleb128 0xb
 670 0044 3B       		.uleb128 0x3b
ARM GAS  C:\Users\doita\AppData\Local\Temp\ccSfAWix.s 			page 19


 671 0045 0B       		.uleb128 0xb
 672 0046 27       		.uleb128 0x27
 673 0047 19       		.uleb128 0x19
 674 0048 11       		.uleb128 0x11
 675 0049 01       		.uleb128 0x1
 676 004a 12       		.uleb128 0x12
 677 004b 06       		.uleb128 0x6
 678 004c 40       		.uleb128 0x40
 679 004d 18       		.uleb128 0x18
 680 004e 9742     		.uleb128 0x2117
 681 0050 19       		.uleb128 0x19
 682 0051 01       		.uleb128 0x1
 683 0052 13       		.uleb128 0x13
 684 0053 00       		.byte	0
 685 0054 00       		.byte	0
 686 0055 07       		.uleb128 0x7
 687 0056 898201   		.uleb128 0x4109
 688 0059 01       		.byte	0x1
 689 005a 11       		.uleb128 0x11
 690 005b 01       		.uleb128 0x1
 691 005c 31       		.uleb128 0x31
 692 005d 13       		.uleb128 0x13
 693 005e 01       		.uleb128 0x1
 694 005f 13       		.uleb128 0x13
 695 0060 00       		.byte	0
 696 0061 00       		.byte	0
 697 0062 08       		.uleb128 0x8
 698 0063 8A8201   		.uleb128 0x410a
 699 0066 00       		.byte	0
 700 0067 02       		.uleb128 0x2
 701 0068 18       		.uleb128 0x18
 702 0069 9142     		.uleb128 0x2111
 703 006b 18       		.uleb128 0x18
 704 006c 00       		.byte	0
 705 006d 00       		.byte	0
 706 006e 09       		.uleb128 0x9
 707 006f 898201   		.uleb128 0x4109
 708 0072 01       		.byte	0x1
 709 0073 11       		.uleb128 0x11
 710 0074 01       		.uleb128 0x1
 711 0075 31       		.uleb128 0x31
 712 0076 13       		.uleb128 0x13
 713 0077 00       		.byte	0
 714 0078 00       		.byte	0
 715 0079 0A       		.uleb128 0xa
 716 007a 2E       		.uleb128 0x2e
 717 007b 01       		.byte	0x1
 718 007c 3F       		.uleb128 0x3f
 719 007d 19       		.uleb128 0x19
 720 007e 03       		.uleb128 0x3
 721 007f 0E       		.uleb128 0xe
 722 0080 3A       		.uleb128 0x3a
 723 0081 0B       		.uleb128 0xb
 724 0082 3B       		.uleb128 0x3b
 725 0083 0B       		.uleb128 0xb
 726 0084 27       		.uleb128 0x27
 727 0085 19       		.uleb128 0x19
ARM GAS  C:\Users\doita\AppData\Local\Temp\ccSfAWix.s 			page 20


 728 0086 11       		.uleb128 0x11
 729 0087 01       		.uleb128 0x1
 730 0088 12       		.uleb128 0x12
 731 0089 06       		.uleb128 0x6
 732 008a 40       		.uleb128 0x40
 733 008b 18       		.uleb128 0x18
 734 008c 9742     		.uleb128 0x2117
 735 008e 19       		.uleb128 0x19
 736 008f 01       		.uleb128 0x1
 737 0090 13       		.uleb128 0x13
 738 0091 00       		.byte	0
 739 0092 00       		.byte	0
 740 0093 0B       		.uleb128 0xb
 741 0094 05       		.uleb128 0x5
 742 0095 00       		.byte	0
 743 0096 03       		.uleb128 0x3
 744 0097 0E       		.uleb128 0xe
 745 0098 3A       		.uleb128 0x3a
 746 0099 0B       		.uleb128 0xb
 747 009a 3B       		.uleb128 0x3b
 748 009b 0B       		.uleb128 0xb
 749 009c 49       		.uleb128 0x49
 750 009d 13       		.uleb128 0x13
 751 009e 02       		.uleb128 0x2
 752 009f 18       		.uleb128 0x18
 753 00a0 00       		.byte	0
 754 00a1 00       		.byte	0
 755 00a2 0C       		.uleb128 0xc
 756 00a3 34       		.uleb128 0x34
 757 00a4 00       		.byte	0
 758 00a5 03       		.uleb128 0x3
 759 00a6 0E       		.uleb128 0xe
 760 00a7 3A       		.uleb128 0x3a
 761 00a8 0B       		.uleb128 0xb
 762 00a9 3B       		.uleb128 0x3b
 763 00aa 0B       		.uleb128 0xb
 764 00ab 49       		.uleb128 0x49
 765 00ac 13       		.uleb128 0x13
 766 00ad 02       		.uleb128 0x2
 767 00ae 17       		.uleb128 0x17
 768 00af 00       		.byte	0
 769 00b0 00       		.byte	0
 770 00b1 0D       		.uleb128 0xd
 771 00b2 2E       		.uleb128 0x2e
 772 00b3 01       		.byte	0x1
 773 00b4 3F       		.uleb128 0x3f
 774 00b5 19       		.uleb128 0x19
 775 00b6 03       		.uleb128 0x3
 776 00b7 0E       		.uleb128 0xe
 777 00b8 3A       		.uleb128 0x3a
 778 00b9 0B       		.uleb128 0xb
 779 00ba 3B       		.uleb128 0x3b
 780 00bb 05       		.uleb128 0x5
 781 00bc 27       		.uleb128 0x27
 782 00bd 19       		.uleb128 0x19
 783 00be 11       		.uleb128 0x11
 784 00bf 01       		.uleb128 0x1
ARM GAS  C:\Users\doita\AppData\Local\Temp\ccSfAWix.s 			page 21


 785 00c0 12       		.uleb128 0x12
 786 00c1 06       		.uleb128 0x6
 787 00c2 40       		.uleb128 0x40
 788 00c3 18       		.uleb128 0x18
 789 00c4 9742     		.uleb128 0x2117
 790 00c6 19       		.uleb128 0x19
 791 00c7 01       		.uleb128 0x1
 792 00c8 13       		.uleb128 0x13
 793 00c9 00       		.byte	0
 794 00ca 00       		.byte	0
 795 00cb 0E       		.uleb128 0xe
 796 00cc 898201   		.uleb128 0x4109
 797 00cf 00       		.byte	0
 798 00d0 11       		.uleb128 0x11
 799 00d1 01       		.uleb128 0x1
 800 00d2 31       		.uleb128 0x31
 801 00d3 13       		.uleb128 0x13
 802 00d4 00       		.byte	0
 803 00d5 00       		.byte	0
 804 00d6 0F       		.uleb128 0xf
 805 00d7 2E       		.uleb128 0x2e
 806 00d8 00       		.byte	0
 807 00d9 3F       		.uleb128 0x3f
 808 00da 19       		.uleb128 0x19
 809 00db 3C       		.uleb128 0x3c
 810 00dc 19       		.uleb128 0x19
 811 00dd 6E       		.uleb128 0x6e
 812 00de 0E       		.uleb128 0xe
 813 00df 03       		.uleb128 0x3
 814 00e0 0E       		.uleb128 0xe
 815 00e1 3A       		.uleb128 0x3a
 816 00e2 0B       		.uleb128 0xb
 817 00e3 3B       		.uleb128 0x3b
 818 00e4 0B       		.uleb128 0xb
 819 00e5 00       		.byte	0
 820 00e6 00       		.byte	0
 821 00e7 00       		.byte	0
 822              		.section	.debug_loc,"",%progbits
 823              	.Ldebug_loc0:
 824              	.LLST0:
 825 0000 04000000 		.4byte	.LVL5
 826 0004 12000000 		.4byte	.LVL7
 827 0008 0100     		.2byte	0x1
 828 000a 53       		.byte	0x53
 829 000b 14000000 		.4byte	.LVL8
 830 000f 1A000000 		.4byte	.LVL9
 831 0013 0100     		.2byte	0x1
 832 0015 53       		.byte	0x53
 833 0016 1A000000 		.4byte	.LVL9
 834 001a 1C000000 		.4byte	.LVL10
 835 001e 0200     		.2byte	0x2
 836 0020 72       		.byte	0x72
 837 0021 00       		.sleb128 0
 838 0022 1C000000 		.4byte	.LVL10
 839 0026 38000000 		.4byte	.LFE6
 840 002a 0100     		.2byte	0x1
 841 002c 53       		.byte	0x53
ARM GAS  C:\Users\doita\AppData\Local\Temp\ccSfAWix.s 			page 22


 842 002d 00000000 		.4byte	0
 843 0031 00000000 		.4byte	0
 844              		.section	.debug_aranges,"",%progbits
 845 0000 34000000 		.4byte	0x34
 846 0004 0200     		.2byte	0x2
 847 0006 00000000 		.4byte	.Ldebug_info0
 848 000a 04       		.byte	0x4
 849 000b 00       		.byte	0
 850 000c 0000     		.2byte	0
 851 000e 0000     		.2byte	0
 852 0010 00000000 		.4byte	.LFB4
 853 0014 A0000000 		.4byte	.LFE4-.LFB4
 854 0018 00000000 		.4byte	.LFB6
 855 001c 38000000 		.4byte	.LFE6-.LFB6
 856 0020 00000000 		.4byte	.LFB5
 857 0024 30000000 		.4byte	.LFE5-.LFB5
 858 0028 A0000000 		.4byte	.LFB7
 859 002c D0000000 		.4byte	.LFE7-.LFB7
 860 0030 00000000 		.4byte	0
 861 0034 00000000 		.4byte	0
 862              		.section	.debug_ranges,"",%progbits
 863              	.Ldebug_ranges0:
 864 0000 00000000 		.4byte	.LFB4
 865 0004 A0000000 		.4byte	.LFE4
 866 0008 00000000 		.4byte	.LFB6
 867 000c 38000000 		.4byte	.LFE6
 868 0010 00000000 		.4byte	.LFB5
 869 0014 30000000 		.4byte	.LFE5
 870 0018 A0000000 		.4byte	.LFB7
 871 001c 70010000 		.4byte	.LFE7
 872 0020 00000000 		.4byte	0
 873 0024 00000000 		.4byte	0
 874              		.section	.debug_line,"",%progbits
 875              	.Ldebug_line0:
 876 0000 D6000000 		.section	.debug_str,"MS",%progbits,1
 876      02006100 
 876      00000201 
 876      FB0E0D00 
 876      01010101 
 877              	.LASF16:
 878 0000 72656733 		.ascii	"reg32\000"
 878      3200
 879              	.LASF18:
 880 0006 416E616C 		.ascii	"AnalogSetDefault\000"
 880      6F675365 
 880      74446566 
 880      61756C74 
 880      00
 881              	.LASF24:
 882 0017 43795379 		.ascii	"CySysClkSetTimerSource\000"
 882      73436C6B 
 882      53657454 
 882      696D6572 
 882      536F7572 
 883              	.LASF22:
 884 002e 4379496E 		.ascii	"CyIntSetVector\000"
 884      74536574 
ARM GAS  C:\Users\doita\AppData\Local\Temp\ccSfAWix.s 			page 23


 884      56656374 
 884      6F7200
 885              	.LASF17:
 886 003d 436C6F63 		.ascii	"ClockSetup\000"
 886      6B536574 
 886      757000
 887              	.LASF6:
 888 0048 73686F72 		.ascii	"short unsigned int\000"
 888      7420756E 
 888      7369676E 
 888      65642069 
 888      6E7400
 889              	.LASF27:
 890 005b 433A5C55 		.ascii	"C:\\Users\\doita\\OneDrive\\Documents\\PSoC Creator"
 890      73657273 
 890      5C646F69 
 890      74615C4F 
 890      6E654472 
 891 0089 5C474541 		.ascii	"\\GEA-Hacking\\laundry-captouch-demo.cydsn\000"
 891      2D486163 
 891      6B696E67 
 891      5C6C6175 
 891      6E647279 
 892              	.LASF14:
 893 00b2 666C6F61 		.ascii	"float\000"
 893      7400
 894              	.LASF4:
 895 00b8 756E7369 		.ascii	"unsigned char\000"
 895      676E6564 
 895      20636861 
 895      7200
 896              	.LASF8:
 897 00c6 6C6F6E67 		.ascii	"long unsigned int\000"
 897      20756E73 
 897      69676E65 
 897      6420696E 
 897      7400
 898              	.LASF12:
 899 00d8 75696E74 		.ascii	"uint8\000"
 899      3800
 900              	.LASF20:
 901 00de 63796669 		.ascii	"cyfitter_cfg\000"
 901      74746572 
 901      5F636667 
 901      00
 902              	.LASF19:
 903 00eb 53657441 		.ascii	"SetAnalogRoutingPumps\000"
 903      6E616C6F 
 903      67526F75 
 903      74696E67 
 903      50756D70 
 904              	.LASF15:
 905 0101 646F7562 		.ascii	"double\000"
 905      6C6500
 906              	.LASF23:
 907 0108 4379496E 		.ascii	"CyIntEnable\000"
 907      74456E61 
ARM GAS  C:\Users\doita\AppData\Local\Temp\ccSfAWix.s 			page 24


 907      626C6500 
 908              	.LASF13:
 909 0114 75696E74 		.ascii	"uint32\000"
 909      333200
 910              	.LASF0:
 911 011b 756E7369 		.ascii	"unsigned int\000"
 911      676E6564 
 911      20696E74 
 911      00
 912              	.LASF9:
 913 0128 6C6F6E67 		.ascii	"long long unsigned int\000"
 913      206C6F6E 
 913      6720756E 
 913      7369676E 
 913      65642069 
 914              	.LASF10:
 915 013f 73697A65 		.ascii	"sizetype\000"
 915      74797065 
 915      00
 916              	.LASF1:
 917 0148 6C6F6E67 		.ascii	"long long int\000"
 917      206C6F6E 
 917      6720696E 
 917      7400
 918              	.LASF11:
 919 0156 63686172 		.ascii	"char\000"
 919      00
 920              	.LASF28:
 921 015b 656E6162 		.ascii	"enabled\000"
 921      6C656400 
 922              	.LASF5:
 923 0163 73686F72 		.ascii	"short int\000"
 923      7420696E 
 923      7400
 924              	.LASF21:
 925 016d 43795379 		.ascii	"CySysClkWriteImoFreq\000"
 925      73436C6B 
 925      57726974 
 925      65496D6F 
 925      46726571 
 926              	.LASF7:
 927 0182 6C6F6E67 		.ascii	"long int\000"
 927      20696E74 
 927      00
 928              	.LASF2:
 929 018b 6C6F6E67 		.ascii	"long double\000"
 929      20646F75 
 929      626C6500 
 930              	.LASF25:
 931 0197 474E5520 		.ascii	"GNU C11 5.4.1 20160609 (release) [ARM/embedded-5-br"
 931      43313120 
 931      352E342E 
 931      31203230 
 931      31363036 
 932 01ca 616E6368 		.ascii	"anch revision 237715] -mcpu=cortex-m0plus -mthumb -"
 932      20726576 
 932      6973696F 
ARM GAS  C:\Users\doita\AppData\Local\Temp\ccSfAWix.s 			page 25


 932      6E203233 
 932      37373135 
 933 01fd 67202D4F 		.ascii	"g -Og -ffunction-sections -ffat-lto-objects\000"
 933      67202D66 
 933      66756E63 
 933      74696F6E 
 933      2D736563 
 934              	.LASF3:
 935 0229 7369676E 		.ascii	"signed char\000"
 935      65642063 
 935      68617200 
 936              	.LASF26:
 937 0235 47656E65 		.ascii	"Generated_Source\\PSoC4\\cyfitter_cfg.c\000"
 937      72617465 
 937      645F536F 
 937      75726365 
 937      5C50536F 
 938              	.LASF29:
 939 025b 72656756 		.ascii	"regValue\000"
 939      616C7565 
 939      00
 940              		.ident	"GCC: (GNU Tools for ARM Embedded Processors) 5.4.1 20160609 (release) [ARM/embedded-5-bran
