Archive member included to satisfy reference by file (symbol)

.\CortexM0p\ARM_GCC_541\Debug\laundry-captouch-demo.a(SegDispStb1.o)
                              .\CortexM0p\ARM_GCC_541\Debug\Display.o (SegDispStb1_Write)
.\CortexM0p\ARM_GCC_541\Debug\laundry-captouch-demo.a(SegDispClock.o)
                              .\CortexM0p\ARM_GCC_541\Debug\main.o (SegDispClock_Write)
.\CortexM0p\ARM_GCC_541\Debug\laundry-captouch-demo.a(SegDispData.o)
                              .\CortexM0p\ARM_GCC_541\Debug\main.o (SegDispData_Write)
.\CortexM0p\ARM_GCC_541\Debug\laundry-captouch-demo.a(HeartbeatLed.o)
                              .\CortexM0p\ARM_GCC_541\Debug\main.o (HeartbeatLed_Write)
.\CortexM0p\ARM_GCC_541\Debug\laundry-captouch-demo.a(CyLib.o)
                              .\CortexM0p\ARM_GCC_541\Debug\cyfitter_cfg.o (CyIntEnable)
.\CortexM0p\ARM_GCC_541\Debug\laundry-captouch-demo.a(CyLFClk.o)
                              .\CortexM0p\ARM_GCC_541\Debug\laundry-captouch-demo.a(CyLib.o) (CySysClkWcoEnabled)
.\CortexM0p\ARM_GCC_541\Debug\laundry-captouch-demo.a(CyBootAsmGnu.o)
                              .\CortexM0p\ARM_GCC_541\Debug\laundry-captouch-demo.a(CyLib.o) (CyDelayCycles)
.\CortexM0p\ARM_GCC_541\Debug\laundry-captouch-demo.a(CyFlash.o)
                              .\CortexM0p\ARM_GCC_541\Debug\laundry-captouch-demo.a(CyLib.o) (CySysFlashSetWaitCycles)
c:/program files (x86)/cypress/psoc creator/4.4/psoc creator/import/gnu/arm/5.4.1/bin/../lib/gcc/arm-none-eabi/5.4.1/armv6-m\libgcc.a(_udivsi3.o)
                              .\CortexM0p\ARM_GCC_541\Debug\laundry-captouch-demo.a(CyLib.o) (__aeabi_uidiv)
c:/program files (x86)/cypress/psoc creator/4.4/psoc creator/import/gnu/arm/5.4.1/bin/../lib/gcc/arm-none-eabi/5.4.1/armv6-m\libgcc.a(_divsi3.o)
                              .\CortexM0p\ARM_GCC_541\Debug\laundry-captouch-demo.a(CyLib.o) (__aeabi_idiv)
c:/program files (x86)/cypress/psoc creator/4.4/psoc creator/import/gnu/arm/5.4.1/bin/../lib/gcc/arm-none-eabi/5.4.1/armv6-m\libgcc.a(_dvmd_tls.o)
                              c:/program files (x86)/cypress/psoc creator/4.4/psoc creator/import/gnu/arm/5.4.1/bin/../lib/gcc/arm-none-eabi/5.4.1/armv6-m\libgcc.a(_udivsi3.o) (__aeabi_idiv0)
c:/program files (x86)/cypress/psoc creator/4.4/psoc creator/import/gnu/arm/5.4.1/bin/../lib/gcc/arm-none-eabi/5.4.1/../../../../arm-none-eabi/lib/armv6-m\libg_nano.a(lib_a-errno.o)
                              .\CortexM0p\ARM_GCC_541\Debug\Cm0plusStart.o (__errno)
c:/program files (x86)/cypress/psoc creator/4.4/psoc creator/import/gnu/arm/5.4.1/bin/../lib/gcc/arm-none-eabi/5.4.1/../../../../arm-none-eabi/lib/armv6-m\libg_nano.a(lib_a-exit.o)
                              c:/program files (x86)/cypress/psoc creator/4.4/psoc creator/import/gnu/arm/5.4.1/bin/../lib/gcc/arm-none-eabi/5.4.1/../../../../arm-none-eabi/lib/armv6-m/crt0.o (exit)
c:/program files (x86)/cypress/psoc creator/4.4/psoc creator/import/gnu/arm/5.4.1/bin/../lib/gcc/arm-none-eabi/5.4.1/../../../../arm-none-eabi/lib/armv6-m\libg_nano.a(lib_a-impure.o)
                              c:/program files (x86)/cypress/psoc creator/4.4/psoc creator/import/gnu/arm/5.4.1/bin/../lib/gcc/arm-none-eabi/5.4.1/../../../../arm-none-eabi/lib/armv6-m\libg_nano.a(lib_a-exit.o) (_global_impure_ptr)
c:/program files (x86)/cypress/psoc creator/4.4/psoc creator/import/gnu/arm/5.4.1/bin/../lib/gcc/arm-none-eabi/5.4.1/../../../../arm-none-eabi/lib/armv6-m\libg_nano.a(lib_a-init.o)
                              c:/program files (x86)/cypress/psoc creator/4.4/psoc creator/import/gnu/arm/5.4.1/bin/../lib/gcc/arm-none-eabi/5.4.1/../../../../arm-none-eabi/lib/armv6-m/crt0.o (__libc_init_array)
c:/program files (x86)/cypress/psoc creator/4.4/psoc creator/import/gnu/arm/5.4.1/bin/../lib/gcc/arm-none-eabi/5.4.1/../../../../arm-none-eabi/lib/armv6-m\libg_nano.a(lib_a-memcpy-stub.o)
                              .\CortexM0p\ARM_GCC_541\Debug\laundry-captouch-demo.a(CyFlash.o) (memcpy)
c:/program files (x86)/cypress/psoc creator/4.4/psoc creator/import/gnu/arm/5.4.1/bin/../lib/gcc/arm-none-eabi/5.4.1/../../../../arm-none-eabi/lib/armv6-m\libg_nano.a(lib_a-memset.o)
                              c:/program files (x86)/cypress/psoc creator/4.4/psoc creator/import/gnu/arm/5.4.1/bin/../lib/gcc/arm-none-eabi/5.4.1/../../../../arm-none-eabi/lib/armv6-m/crt0.o (memset)

Discarded input sections

 .text          0x00000000        0x0 c:/program files (x86)/cypress/psoc creator/4.4/psoc creator/import/gnu/arm/5.4.1/bin/../lib/gcc/arm-none-eabi/5.4.1/armv6-m/crti.o
 .data          0x00000000        0x0 c:/program files (x86)/cypress/psoc creator/4.4/psoc creator/import/gnu/arm/5.4.1/bin/../lib/gcc/arm-none-eabi/5.4.1/armv6-m/crti.o
 .bss           0x00000000        0x0 c:/program files (x86)/cypress/psoc creator/4.4/psoc creator/import/gnu/arm/5.4.1/bin/../lib/gcc/arm-none-eabi/5.4.1/armv6-m/crti.o
 .data          0x00000000        0x4 c:/program files (x86)/cypress/psoc creator/4.4/psoc creator/import/gnu/arm/5.4.1/bin/../lib/gcc/arm-none-eabi/5.4.1/armv6-m/crtbegin.o
 .text          0x00000000       0x78 c:/program files (x86)/cypress/psoc creator/4.4/psoc creator/import/gnu/arm/5.4.1/bin/../lib/gcc/arm-none-eabi/5.4.1/../../../../arm-none-eabi/lib/armv6-m/crt0.o
 .data          0x00000000        0x0 c:/program files (x86)/cypress/psoc creator/4.4/psoc creator/import/gnu/arm/5.4.1/bin/../lib/gcc/arm-none-eabi/5.4.1/../../../../arm-none-eabi/lib/armv6-m/crt0.o
 .bss           0x00000000        0x0 c:/program files (x86)/cypress/psoc creator/4.4/psoc creator/import/gnu/arm/5.4.1/bin/../lib/gcc/arm-none-eabi/5.4.1/../../../../arm-none-eabi/lib/armv6-m/crt0.o
 .ARM.extab     0x00000000        0x0 c:/program files (x86)/cypress/psoc creator/4.4/psoc creator/import/gnu/arm/5.4.1/bin/../lib/gcc/arm-none-eabi/5.4.1/../../../../arm-none-eabi/lib/armv6-m/crt0.o
 .ARM.exidx     0x00000000        0x8 c:/program files (x86)/cypress/psoc creator/4.4/psoc creator/import/gnu/arm/5.4.1/bin/../lib/gcc/arm-none-eabi/5.4.1/../../../../arm-none-eabi/lib/armv6-m/crt0.o
 .text          0x00000000        0x0 .\CortexM0p\ARM_GCC_541\Debug\main.o
 .data          0x00000000        0x0 .\CortexM0p\ARM_GCC_541\Debug\main.o
 .text.HeartbeatLed_Blink
                0x00000000       0x20 .\CortexM0p\ARM_GCC_541\Debug\main.o
 .text          0x00000000        0x0 .\CortexM0p\ARM_GCC_541\Debug\Display.o
 .data          0x00000000        0x0 .\CortexM0p\ARM_GCC_541\Debug\Display.o
 .bss           0x00000000        0x0 .\CortexM0p\ARM_GCC_541\Debug\Display.o
 .rodata        0x00000000        0x3 .\CortexM0p\ARM_GCC_541\Debug\Display.o
 .text          0x00000000        0x0 .\CortexM0p\ARM_GCC_541\Debug\SsdCharacterTable.o
 .data          0x00000000        0x0 .\CortexM0p\ARM_GCC_541\Debug\SsdCharacterTable.o
 .bss           0x00000000        0x0 .\CortexM0p\ARM_GCC_541\Debug\SsdCharacterTable.o
 .text          0x00000000        0x0 .\CortexM0p\ARM_GCC_541\Debug\cyfitter_cfg.o
 .data          0x00000000        0x0 .\CortexM0p\ARM_GCC_541\Debug\cyfitter_cfg.o
 .bss           0x00000000        0x0 .\CortexM0p\ARM_GCC_541\Debug\cyfitter_cfg.o
 .text          0x00000000        0x0 .\CortexM0p\ARM_GCC_541\Debug\cymetadata.o
 .data          0x00000000        0x0 .\CortexM0p\ARM_GCC_541\Debug\cymetadata.o
 .bss           0x00000000        0x0 .\CortexM0p\ARM_GCC_541\Debug\cymetadata.o
 .text          0x00000000        0x0 .\CortexM0p\ARM_GCC_541\Debug\Cm0plusStart.o
 .data          0x00000000        0x4 .\CortexM0p\ARM_GCC_541\Debug\Cm0plusStart.o
 .bss           0x00000000        0x0 .\CortexM0p\ARM_GCC_541\Debug\Cm0plusStart.o
 .text._exit    0x00000000        0xc .\CortexM0p\ARM_GCC_541\Debug\Cm0plusStart.o
 .text._sbrk    0x00000000       0x30 .\CortexM0p\ARM_GCC_541\Debug\Cm0plusStart.o
 .text          0x00000000        0x0 .\CortexM0p\ARM_GCC_541\Debug\laundry-captouch-demo.a(SegDispStb1.o)
 .data          0x00000000        0x0 .\CortexM0p\ARM_GCC_541\Debug\laundry-captouch-demo.a(SegDispStb1.o)
 .bss           0x00000000        0x0 .\CortexM0p\ARM_GCC_541\Debug\laundry-captouch-demo.a(SegDispStb1.o)
 .text.SegDispStb1_SetDriveMode
                0x00000000       0x18 .\CortexM0p\ARM_GCC_541\Debug\laundry-captouch-demo.a(SegDispStb1.o)
 .text.SegDispStb1_Read
                0x00000000       0x10 .\CortexM0p\ARM_GCC_541\Debug\laundry-captouch-demo.a(SegDispStb1.o)
 .text.SegDispStb1_ReadDataReg
                0x00000000       0x10 .\CortexM0p\ARM_GCC_541\Debug\laundry-captouch-demo.a(SegDispStb1.o)
 .text.SegDispStb1_SetInterruptMode
                0x00000000       0x14 .\CortexM0p\ARM_GCC_541\Debug\laundry-captouch-demo.a(SegDispStb1.o)
 .text.SegDispStb1_ClearInterrupt
                0x00000000       0x14 .\CortexM0p\ARM_GCC_541\Debug\laundry-captouch-demo.a(SegDispStb1.o)
 .text          0x00000000        0x0 .\CortexM0p\ARM_GCC_541\Debug\laundry-captouch-demo.a(SegDispClock.o)
 .data          0x00000000        0x0 .\CortexM0p\ARM_GCC_541\Debug\laundry-captouch-demo.a(SegDispClock.o)
 .bss           0x00000000        0x0 .\CortexM0p\ARM_GCC_541\Debug\laundry-captouch-demo.a(SegDispClock.o)
 .text.SegDispClock_SetDriveMode
                0x00000000       0x18 .\CortexM0p\ARM_GCC_541\Debug\laundry-captouch-demo.a(SegDispClock.o)
 .text.SegDispClock_Read
                0x00000000       0x10 .\CortexM0p\ARM_GCC_541\Debug\laundry-captouch-demo.a(SegDispClock.o)
 .text.SegDispClock_ReadDataReg
                0x00000000       0x10 .\CortexM0p\ARM_GCC_541\Debug\laundry-captouch-demo.a(SegDispClock.o)
 .text.SegDispClock_SetInterruptMode
                0x00000000       0x14 .\CortexM0p\ARM_GCC_541\Debug\laundry-captouch-demo.a(SegDispClock.o)
 .text.SegDispClock_ClearInterrupt
                0x00000000       0x14 .\CortexM0p\ARM_GCC_541\Debug\laundry-captouch-demo.a(SegDispClock.o)
 .text          0x00000000        0x0 .\CortexM0p\ARM_GCC_541\Debug\laundry-captouch-demo.a(SegDispData.o)
 .data          0x00000000        0x0 .\CortexM0p\ARM_GCC_541\Debug\laundry-captouch-demo.a(SegDispData.o)
 .bss           0x00000000        0x0 .\CortexM0p\ARM_GCC_541\Debug\laundry-captouch-demo.a(SegDispData.o)
 .text.SegDispData_SetDriveMode
                0x00000000       0x18 .\CortexM0p\ARM_GCC_541\Debug\laundry-captouch-demo.a(SegDispData.o)
 .text.SegDispData_Read
                0x00000000       0x10 .\CortexM0p\ARM_GCC_541\Debug\laundry-captouch-demo.a(SegDispData.o)
 .text.SegDispData_ReadDataReg
                0x00000000       0x10 .\CortexM0p\ARM_GCC_541\Debug\laundry-captouch-demo.a(SegDispData.o)
 .text.SegDispData_SetInterruptMode
                0x00000000       0x14 .\CortexM0p\ARM_GCC_541\Debug\laundry-captouch-demo.a(SegDispData.o)
 .text.SegDispData_ClearInterrupt
                0x00000000       0x14 .\CortexM0p\ARM_GCC_541\Debug\laundry-captouch-demo.a(SegDispData.o)
 .text          0x00000000        0x0 .\CortexM0p\ARM_GCC_541\Debug\laundry-captouch-demo.a(HeartbeatLed.o)
 .data          0x00000000        0x0 .\CortexM0p\ARM_GCC_541\Debug\laundry-captouch-demo.a(HeartbeatLed.o)
 .bss           0x00000000        0x0 .\CortexM0p\ARM_GCC_541\Debug\laundry-captouch-demo.a(HeartbeatLed.o)
 .text.HeartbeatLed_SetDriveMode
                0x00000000       0x18 .\CortexM0p\ARM_GCC_541\Debug\laundry-captouch-demo.a(HeartbeatLed.o)
 .text.HeartbeatLed_Read
                0x00000000       0x10 .\CortexM0p\ARM_GCC_541\Debug\laundry-captouch-demo.a(HeartbeatLed.o)
 .text.HeartbeatLed_ReadDataReg
                0x00000000       0x10 .\CortexM0p\ARM_GCC_541\Debug\laundry-captouch-demo.a(HeartbeatLed.o)
 .text.HeartbeatLed_SetInterruptMode
                0x00000000       0x14 .\CortexM0p\ARM_GCC_541\Debug\laundry-captouch-demo.a(HeartbeatLed.o)
 .text.HeartbeatLed_ClearInterrupt
                0x00000000       0x14 .\CortexM0p\ARM_GCC_541\Debug\laundry-captouch-demo.a(HeartbeatLed.o)
 .text          0x00000000        0x0 .\CortexM0p\ARM_GCC_541\Debug\laundry-captouch-demo.a(CyLib.o)
 .bss           0x00000000       0x18 .\CortexM0p\ARM_GCC_541\Debug\laundry-captouch-demo.a(CyLib.o)
 .text.CySysClkImoStart
                0x00000000       0x14 .\CortexM0p\ARM_GCC_541\Debug\laundry-captouch-demo.a(CyLib.o)
 .text.CySysClkImoStop
                0x00000000       0x18 .\CortexM0p\ARM_GCC_541\Debug\laundry-captouch-demo.a(CyLib.o)
 .text.CySysClkWriteHfclkDirect
                0x00000000       0x94 .\CortexM0p\ARM_GCC_541\Debug\laundry-captouch-demo.a(CyLib.o)
 .text.CySysEnablePumpClock
                0x00000000       0x34 .\CortexM0p\ARM_GCC_541\Debug\laundry-captouch-demo.a(CyLib.o)
 .text.CySysClkGetSysclkSource
                0x00000000       0x2c .\CortexM0p\ARM_GCC_541\Debug\laundry-captouch-demo.a(CyLib.o)
 .text.CySysClkWriteSysclkDiv
                0x00000000       0x24 .\CortexM0p\ARM_GCC_541\Debug\laundry-captouch-demo.a(CyLib.o)
 .text.CySysClkWriteHfclkDiv
                0x00000000       0x24 .\CortexM0p\ARM_GCC_541\Debug\laundry-captouch-demo.a(CyLib.o)
 .text.CySysClkEcoStop
                0x00000000       0x14 .\CortexM0p\ARM_GCC_541\Debug\laundry-captouch-demo.a(CyLib.o)
 .text.CySysClkEcoReadStatus
                0x00000000       0x14 .\CortexM0p\ARM_GCC_541\Debug\laundry-captouch-demo.a(CyLib.o)
 .text.CySysClkConfigureEcoTrim
                0x00000000       0x60 .\CortexM0p\ARM_GCC_541\Debug\laundry-captouch-demo.a(CyLib.o)
 .text.CySysClkConfigureEcoDrive
                0x00000000      0x174 .\CortexM0p\ARM_GCC_541\Debug\laundry-captouch-demo.a(CyLib.o)
 .text.CySysClkPllStop
                0x00000000       0x28 .\CortexM0p\ARM_GCC_541\Debug\laundry-captouch-demo.a(CyLib.o)
 .text.CySysClkPllSetBypassMode
                0x00000000       0x38 .\CortexM0p\ARM_GCC_541\Debug\laundry-captouch-demo.a(CyLib.o)
 .text.CySysClkPllGetUnlockStatus
                0x00000000       0x34 .\CortexM0p\ARM_GCC_541\Debug\laundry-captouch-demo.a(CyLib.o)
 .text.CySysClkPllSetSource
                0x00000000       0x78 .\CortexM0p\ARM_GCC_541\Debug\laundry-captouch-demo.a(CyLib.o)
 .text.CySysGetResetReason
                0x00000000       0x14 .\CortexM0p\ARM_GCC_541\Debug\laundry-captouch-demo.a(CyLib.o)
 .text.CyDisableInts
                0x00000000       0x10 .\CortexM0p\ARM_GCC_541\Debug\laundry-captouch-demo.a(CyLib.o)
 .text.CyEnableInts
                0x00000000        0xc .\CortexM0p\ARM_GCC_541\Debug\laundry-captouch-demo.a(CyLib.o)
 .text.CyIntGetState
                0x00000000       0x18 .\CortexM0p\ARM_GCC_541\Debug\laundry-captouch-demo.a(CyLib.o)
 .text.CyIntDisable
                0x00000000       0x14 .\CortexM0p\ARM_GCC_541\Debug\laundry-captouch-demo.a(CyLib.o)
 .text.CyIntSetPending
                0x00000000       0x14 .\CortexM0p\ARM_GCC_541\Debug\laundry-captouch-demo.a(CyLib.o)
 .text.CyIntClearPending
                0x00000000       0x14 .\CortexM0p\ARM_GCC_541\Debug\laundry-captouch-demo.a(CyLib.o)
 .text.CySysClkPllGetLockStatus
                0x00000000       0x40 .\CortexM0p\ARM_GCC_541\Debug\laundry-captouch-demo.a(CyLib.o)
 .text.CySysClkPllGetBypassMode
                0x00000000       0x2c .\CortexM0p\ARM_GCC_541\Debug\laundry-captouch-demo.a(CyLib.o)
 .text.CySysClkPllConfigChangeAllowed
                0x00000000       0x2c .\CortexM0p\ARM_GCC_541\Debug\laundry-captouch-demo.a(CyLib.o)
 .text.CySysClkPllSetPQ
                0x00000000       0xa4 .\CortexM0p\ARM_GCC_541\Debug\laundry-captouch-demo.a(CyLib.o)
 .text.CySysClkPllSetOutputDivider
                0x00000000       0x58 .\CortexM0p\ARM_GCC_541\Debug\laundry-captouch-demo.a(CyLib.o)
 .text.CySysClkPllSetFrequency
                0x00000000      0x110 .\CortexM0p\ARM_GCC_541\Debug\laundry-captouch-demo.a(CyLib.o)
 .text.CyIntSetSysVector
                0x00000000       0x20 .\CortexM0p\ARM_GCC_541\Debug\laundry-captouch-demo.a(CyLib.o)
 .text.CyIntGetSysVector
                0x00000000       0x1c .\CortexM0p\ARM_GCC_541\Debug\laundry-captouch-demo.a(CyLib.o)
 .text.CyIntGetVector
                0x00000000       0x20 .\CortexM0p\ARM_GCC_541\Debug\laundry-captouch-demo.a(CyLib.o)
 .text.CyIntSetPriority
                0x00000000       0x4c .\CortexM0p\ARM_GCC_541\Debug\laundry-captouch-demo.a(CyLib.o)
 .text.CyIntGetPriority
                0x00000000       0x2c .\CortexM0p\ARM_GCC_541\Debug\laundry-captouch-demo.a(CyLib.o)
 .text.CySoftwareReset
                0x00000000       0x18 .\CortexM0p\ARM_GCC_541\Debug\laundry-captouch-demo.a(CyLib.o)
 .text.CySysClkEcoStart
                0x00000000       0x48 .\CortexM0p\ARM_GCC_541\Debug\laundry-captouch-demo.a(CyLib.o)
 .text.CySysClkPllStart
                0x00000000       0x9c .\CortexM0p\ARM_GCC_541\Debug\laundry-captouch-demo.a(CyLib.o)
 .text.CyDelayFreq
                0x00000000       0x4c .\CortexM0p\ARM_GCC_541\Debug\laundry-captouch-demo.a(CyLib.o)
 .text.CySysTickStop
                0x00000000       0x10 .\CortexM0p\ARM_GCC_541\Debug\laundry-captouch-demo.a(CyLib.o)
 .text.CySysTickEnableInterrupt
                0x00000000       0x10 .\CortexM0p\ARM_GCC_541\Debug\laundry-captouch-demo.a(CyLib.o)
 .text.CySysTickEnable
                0x00000000       0x18 .\CortexM0p\ARM_GCC_541\Debug\laundry-captouch-demo.a(CyLib.o)
 .text.CySysTickDisableInterrupt
                0x00000000       0x10 .\CortexM0p\ARM_GCC_541\Debug\laundry-captouch-demo.a(CyLib.o)
 .text.CySysTickSetReload
                0x00000000       0x10 .\CortexM0p\ARM_GCC_541\Debug\laundry-captouch-demo.a(CyLib.o)
 .text.CySysTickGetReload
                0x00000000       0x10 .\CortexM0p\ARM_GCC_541\Debug\laundry-captouch-demo.a(CyLib.o)
 .text.CySysTickGetValue
                0x00000000       0x10 .\CortexM0p\ARM_GCC_541\Debug\laundry-captouch-demo.a(CyLib.o)
 .text.CySysTickSetClockSource
                0x00000000       0x20 .\CortexM0p\ARM_GCC_541\Debug\laundry-captouch-demo.a(CyLib.o)
 .text.CySysTickGetClockSource
                0x00000000       0x10 .\CortexM0p\ARM_GCC_541\Debug\laundry-captouch-demo.a(CyLib.o)
 .text.CySysTickGetCountFlag
                0x00000000       0x10 .\CortexM0p\ARM_GCC_541\Debug\laundry-captouch-demo.a(CyLib.o)
 .text.CySysTickServiceCallbacks
                0x00000000       0x28 .\CortexM0p\ARM_GCC_541\Debug\laundry-captouch-demo.a(CyLib.o)
 .text.CySysTickClear
                0x00000000        0xc .\CortexM0p\ARM_GCC_541\Debug\laundry-captouch-demo.a(CyLib.o)
 .text.CySysTickInit
                0x00000000       0x44 .\CortexM0p\ARM_GCC_541\Debug\laundry-captouch-demo.a(CyLib.o)
 .text.CySysTickStart
                0x00000000       0x20 .\CortexM0p\ARM_GCC_541\Debug\laundry-captouch-demo.a(CyLib.o)
 .text.CySysTickSetCallback
                0x00000000       0x10 .\CortexM0p\ARM_GCC_541\Debug\laundry-captouch-demo.a(CyLib.o)
 .text.CySysTickGetCallback
                0x00000000        0xc .\CortexM0p\ARM_GCC_541\Debug\laundry-captouch-demo.a(CyLib.o)
 .text.CyGetUniqueId
                0x00000000       0x70 .\CortexM0p\ARM_GCC_541\Debug\laundry-captouch-demo.a(CyLib.o)
 .text.CySysSetRamAccessArbPriority
                0x00000000       0x20 .\CortexM0p\ARM_GCC_541\Debug\laundry-captouch-demo.a(CyLib.o)
 .text.CySysSetFlashAccessArbPriority
                0x00000000       0x20 .\CortexM0p\ARM_GCC_541\Debug\laundry-captouch-demo.a(CyLib.o)
 .text.CySysSetDmacAccessArbPriority
                0x00000000       0x20 .\CortexM0p\ARM_GCC_541\Debug\laundry-captouch-demo.a(CyLib.o)
 .text.CySysSetPeripheralAccessArbPriority
                0x00000000       0x68 .\CortexM0p\ARM_GCC_541\Debug\laundry-captouch-demo.a(CyLib.o)
 .text          0x00000000        0x0 .\CortexM0p\ARM_GCC_541\Debug\laundry-captouch-demo.a(CyLFClk.o)
 .text.CySysClkIloStart
                0x00000000       0x14 .\CortexM0p\ARM_GCC_541\Debug\laundry-captouch-demo.a(CyLFClk.o)
 .text.CySysClkIloStop
                0x00000000       0x10 .\CortexM0p\ARM_GCC_541\Debug\laundry-captouch-demo.a(CyLFClk.o)
 .text.CySysClkIloStartMeasurement
                0x00000000       0x34 .\CortexM0p\ARM_GCC_541\Debug\laundry-captouch-demo.a(CyLFClk.o)
 .text.CySysClkIloStopMeasurement
                0x00000000       0x28 .\CortexM0p\ARM_GCC_541\Debug\laundry-captouch-demo.a(CyLFClk.o)
 .text.CySysClkIloCompensate
                0x00000000      0x10c .\CortexM0p\ARM_GCC_541\Debug\laundry-captouch-demo.a(CyLFClk.o)
 .text.CySysClkWcoStart
                0x00000000       0x40 .\CortexM0p\ARM_GCC_541\Debug\laundry-captouch-demo.a(CyLFClk.o)
 .text.CySysClkWcoStop
                0x00000000       0x1c .\CortexM0p\ARM_GCC_541\Debug\laundry-captouch-demo.a(CyLFClk.o)
 .text.CySysClkWcoSetPowerMode
                0x00000000       0x4c .\CortexM0p\ARM_GCC_541\Debug\laundry-captouch-demo.a(CyLFClk.o)
 .text.CySysClkWcoClockOutSelect
                0x00000000       0x2c .\CortexM0p\ARM_GCC_541\Debug\laundry-captouch-demo.a(CyLFClk.o)
 .text.CySysWdtGetEnabledStatus
                0x00000000       0x1c .\CortexM0p\ARM_GCC_541\Debug\laundry-captouch-demo.a(CyLFClk.o)
 .text.CySysWdtEnable
                0x00000000        0xc .\CortexM0p\ARM_GCC_541\Debug\laundry-captouch-demo.a(CyLFClk.o)
 .text.CySysWdtSetMatch
                0x00000000       0x18 .\CortexM0p\ARM_GCC_541\Debug\laundry-captouch-demo.a(CyLFClk.o)
 .text.CySysWdtGetMatch
                0x00000000       0x10 .\CortexM0p\ARM_GCC_541\Debug\laundry-captouch-demo.a(CyLFClk.o)
 .text.CySysWdtGetCount
                0x00000000        0xc .\CortexM0p\ARM_GCC_541\Debug\laundry-captouch-demo.a(CyLFClk.o)
 .text.CySysWdtSetIgnoreBits
                0x00000000       0x20 .\CortexM0p\ARM_GCC_541\Debug\laundry-captouch-demo.a(CyLFClk.o)
 .text.CySysWdtGetIgnoreBits
                0x00000000       0x10 .\CortexM0p\ARM_GCC_541\Debug\laundry-captouch-demo.a(CyLFClk.o)
 .text.CySysWdtClearInterrupt
                0x00000000       0x10 .\CortexM0p\ARM_GCC_541\Debug\laundry-captouch-demo.a(CyLFClk.o)
 .text.CySysWdtMaskInterrupt
                0x00000000       0x10 .\CortexM0p\ARM_GCC_541\Debug\laundry-captouch-demo.a(CyLFClk.o)
 .text.CySysWdtUnmaskInterrupt
                0x00000000       0x10 .\CortexM0p\ARM_GCC_541\Debug\laundry-captouch-demo.a(CyLFClk.o)
 .text.CySysWdtSetInterruptCallback
                0x00000000       0x10 .\CortexM0p\ARM_GCC_541\Debug\laundry-captouch-demo.a(CyLFClk.o)
 .text.CySysWdtGetInterruptCallback
                0x00000000        0xc .\CortexM0p\ARM_GCC_541\Debug\laundry-captouch-demo.a(CyLFClk.o)
 .text.CySysWdtIsr
                0x00000000       0x18 .\CortexM0p\ARM_GCC_541\Debug\laundry-captouch-demo.a(CyLFClk.o)
 .text.CySysTimerGetEnabledStatus
                0x00000000       0x24 .\CortexM0p\ARM_GCC_541\Debug\laundry-captouch-demo.a(CyLFClk.o)
 .text.CySysTimerSetMode
                0x00000000       0x40 .\CortexM0p\ARM_GCC_541\Debug\laundry-captouch-demo.a(CyLFClk.o)
 .text.CySysTimerGetMode
                0x00000000       0x14 .\CortexM0p\ARM_GCC_541\Debug\laundry-captouch-demo.a(CyLFClk.o)
 .text.CySysTimerSetClearOnMatch
                0x00000000       0x34 .\CortexM0p\ARM_GCC_541\Debug\laundry-captouch-demo.a(CyLFClk.o)
 .text.CySysTimerGetClearOnMatch
                0x00000000       0x24 .\CortexM0p\ARM_GCC_541\Debug\laundry-captouch-demo.a(CyLFClk.o)
 .text.CySysTimerEnable
                0x00000000       0x3c .\CortexM0p\ARM_GCC_541\Debug\laundry-captouch-demo.a(CyLFClk.o)
 .text.CySysTimerDisable
                0x00000000       0x3c .\CortexM0p\ARM_GCC_541\Debug\laundry-captouch-demo.a(CyLFClk.o)
 .text.CySysTimerSetCascade
                0x00000000       0x34 .\CortexM0p\ARM_GCC_541\Debug\laundry-captouch-demo.a(CyLFClk.o)
 .text.CySysTimerGetCascade
                0x00000000       0x14 .\CortexM0p\ARM_GCC_541\Debug\laundry-captouch-demo.a(CyLFClk.o)
 .text.CySysTimerSetMatch
                0x00000000       0x54 .\CortexM0p\ARM_GCC_541\Debug\laundry-captouch-demo.a(CyLFClk.o)
 .text.CySysTimerSetToggleBit
                0x00000000       0x30 .\CortexM0p\ARM_GCC_541\Debug\laundry-captouch-demo.a(CyLFClk.o)
 .text.CySysTimerGetToggleBit
                0x00000000       0x10 .\CortexM0p\ARM_GCC_541\Debug\laundry-captouch-demo.a(CyLFClk.o)
 .text.CySysTimerGetMatch
                0x00000000       0x20 .\CortexM0p\ARM_GCC_541\Debug\laundry-captouch-demo.a(CyLFClk.o)
 .text.CySysTimerGetCount
                0x00000000       0x3c .\CortexM0p\ARM_GCC_541\Debug\laundry-captouch-demo.a(CyLFClk.o)
 .text.CySysTimerGetInterruptSource
                0x00000000       0x14 .\CortexM0p\ARM_GCC_541\Debug\laundry-captouch-demo.a(CyLFClk.o)
 .text.CySysTimerSetInterruptCallback
                0x00000000       0x20 .\CortexM0p\ARM_GCC_541\Debug\laundry-captouch-demo.a(CyLFClk.o)
 .text.CySysTimerGetInterruptCallback
                0x00000000       0x20 .\CortexM0p\ARM_GCC_541\Debug\laundry-captouch-demo.a(CyLFClk.o)
 .text.CySysTimerEnableIsr
                0x00000000       0x34 .\CortexM0p\ARM_GCC_541\Debug\laundry-captouch-demo.a(CyLFClk.o)
 .text.CySysTimerDisableIsr
                0x00000000       0x28 .\CortexM0p\ARM_GCC_541\Debug\laundry-captouch-demo.a(CyLFClk.o)
 .text.CySysTimerResetCounters
                0x00000000       0x20 .\CortexM0p\ARM_GCC_541\Debug\laundry-captouch-demo.a(CyLFClk.o)
 .text.CySysTimerDelayUntilMatch
                0x00000000       0x6c .\CortexM0p\ARM_GCC_541\Debug\laundry-captouch-demo.a(CyLFClk.o)
 .text.CySysTimerDelay
                0x00000000       0x3c .\CortexM0p\ARM_GCC_541\Debug\laundry-captouch-demo.a(CyLFClk.o)
 .rodata        0x00000000        0xc .\CortexM0p\ARM_GCC_541\Debug\laundry-captouch-demo.a(CyLFClk.o)
 .data          0x00000000        0x0 .\CortexM0p\ARM_GCC_541\Debug\laundry-captouch-demo.a(CyBootAsmGnu.o)
 .bss           0x00000000        0x0 .\CortexM0p\ARM_GCC_541\Debug\laundry-captouch-demo.a(CyBootAsmGnu.o)
 .text          0x00000000        0x0 .\CortexM0p\ARM_GCC_541\Debug\laundry-captouch-demo.a(CyFlash.o)
 .data          0x00000000        0x0 .\CortexM0p\ARM_GCC_541\Debug\laundry-captouch-demo.a(CyFlash.o)
 .bss           0x00000000       0x18 .\CortexM0p\ARM_GCC_541\Debug\laundry-captouch-demo.a(CyFlash.o)
 .text.CySysFlashClockBackup
                0x00000000       0x64 .\CortexM0p\ARM_GCC_541\Debug\laundry-captouch-demo.a(CyFlash.o)
 .text.CySysFlashClockConfig
                0x00000000       0x54 .\CortexM0p\ARM_GCC_541\Debug\laundry-captouch-demo.a(CyFlash.o)
 .text.CySysFlashClockRestore
                0x00000000       0x64 .\CortexM0p\ARM_GCC_541\Debug\laundry-captouch-demo.a(CyFlash.o)
 .text.CySysFlashWriteRow
                0x00000000      0x120 .\CortexM0p\ARM_GCC_541\Debug\laundry-captouch-demo.a(CyFlash.o)
 .text.CySysSFlashWriteUserRow
                0x00000000      0x10c .\CortexM0p\ARM_GCC_541\Debug\laundry-captouch-demo.a(CyFlash.o)
 .text          0x00000000      0x114 c:/program files (x86)/cypress/psoc creator/4.4/psoc creator/import/gnu/arm/5.4.1/bin/../lib/gcc/arm-none-eabi/5.4.1/armv6-m\libgcc.a(_udivsi3.o)
 .data          0x00000000        0x0 c:/program files (x86)/cypress/psoc creator/4.4/psoc creator/import/gnu/arm/5.4.1/bin/../lib/gcc/arm-none-eabi/5.4.1/armv6-m\libgcc.a(_udivsi3.o)
 .bss           0x00000000        0x0 c:/program files (x86)/cypress/psoc creator/4.4/psoc creator/import/gnu/arm/5.4.1/bin/../lib/gcc/arm-none-eabi/5.4.1/armv6-m\libgcc.a(_udivsi3.o)
 .text          0x00000000      0x1d4 c:/program files (x86)/cypress/psoc creator/4.4/psoc creator/import/gnu/arm/5.4.1/bin/../lib/gcc/arm-none-eabi/5.4.1/armv6-m\libgcc.a(_divsi3.o)
 .data          0x00000000        0x0 c:/program files (x86)/cypress/psoc creator/4.4/psoc creator/import/gnu/arm/5.4.1/bin/../lib/gcc/arm-none-eabi/5.4.1/armv6-m\libgcc.a(_divsi3.o)
 .bss           0x00000000        0x0 c:/program files (x86)/cypress/psoc creator/4.4/psoc creator/import/gnu/arm/5.4.1/bin/../lib/gcc/arm-none-eabi/5.4.1/armv6-m\libgcc.a(_divsi3.o)
 .text          0x00000000        0x4 c:/program files (x86)/cypress/psoc creator/4.4/psoc creator/import/gnu/arm/5.4.1/bin/../lib/gcc/arm-none-eabi/5.4.1/armv6-m\libgcc.a(_dvmd_tls.o)
 .data          0x00000000        0x0 c:/program files (x86)/cypress/psoc creator/4.4/psoc creator/import/gnu/arm/5.4.1/bin/../lib/gcc/arm-none-eabi/5.4.1/armv6-m\libgcc.a(_dvmd_tls.o)
 .bss           0x00000000        0x0 c:/program files (x86)/cypress/psoc creator/4.4/psoc creator/import/gnu/arm/5.4.1/bin/../lib/gcc/arm-none-eabi/5.4.1/armv6-m\libgcc.a(_dvmd_tls.o)
 .text          0x00000000        0x0 c:/program files (x86)/cypress/psoc creator/4.4/psoc creator/import/gnu/arm/5.4.1/bin/../lib/gcc/arm-none-eabi/5.4.1/../../../../arm-none-eabi/lib/armv6-m\libg_nano.a(lib_a-errno.o)
 .data          0x00000000        0x0 c:/program files (x86)/cypress/psoc creator/4.4/psoc creator/import/gnu/arm/5.4.1/bin/../lib/gcc/arm-none-eabi/5.4.1/../../../../arm-none-eabi/lib/armv6-m\libg_nano.a(lib_a-errno.o)
 .bss           0x00000000        0x0 c:/program files (x86)/cypress/psoc creator/4.4/psoc creator/import/gnu/arm/5.4.1/bin/../lib/gcc/arm-none-eabi/5.4.1/../../../../arm-none-eabi/lib/armv6-m\libg_nano.a(lib_a-errno.o)
 .text          0x00000000        0x0 c:/program files (x86)/cypress/psoc creator/4.4/psoc creator/import/gnu/arm/5.4.1/bin/../lib/gcc/arm-none-eabi/5.4.1/../../../../arm-none-eabi/lib/armv6-m\libg_nano.a(lib_a-exit.o)
 .data          0x00000000        0x0 c:/program files (x86)/cypress/psoc creator/4.4/psoc creator/import/gnu/arm/5.4.1/bin/../lib/gcc/arm-none-eabi/5.4.1/../../../../arm-none-eabi/lib/armv6-m\libg_nano.a(lib_a-exit.o)
 .bss           0x00000000        0x0 c:/program files (x86)/cypress/psoc creator/4.4/psoc creator/import/gnu/arm/5.4.1/bin/../lib/gcc/arm-none-eabi/5.4.1/../../../../arm-none-eabi/lib/armv6-m\libg_nano.a(lib_a-exit.o)
 .text.exit     0x00000000       0x2c c:/program files (x86)/cypress/psoc creator/4.4/psoc creator/import/gnu/arm/5.4.1/bin/../lib/gcc/arm-none-eabi/5.4.1/../../../../arm-none-eabi/lib/armv6-m\libg_nano.a(lib_a-exit.o)
 .text          0x00000000        0x0 c:/program files (x86)/cypress/psoc creator/4.4/psoc creator/import/gnu/arm/5.4.1/bin/../lib/gcc/arm-none-eabi/5.4.1/../../../../arm-none-eabi/lib/armv6-m\libg_nano.a(lib_a-impure.o)
 .data          0x00000000        0x0 c:/program files (x86)/cypress/psoc creator/4.4/psoc creator/import/gnu/arm/5.4.1/bin/../lib/gcc/arm-none-eabi/5.4.1/../../../../arm-none-eabi/lib/armv6-m\libg_nano.a(lib_a-impure.o)
 .bss           0x00000000        0x0 c:/program files (x86)/cypress/psoc creator/4.4/psoc creator/import/gnu/arm/5.4.1/bin/../lib/gcc/arm-none-eabi/5.4.1/../../../../arm-none-eabi/lib/armv6-m\libg_nano.a(lib_a-impure.o)
 .rodata._global_impure_ptr
                0x00000000        0x4 c:/program files (x86)/cypress/psoc creator/4.4/psoc creator/import/gnu/arm/5.4.1/bin/../lib/gcc/arm-none-eabi/5.4.1/../../../../arm-none-eabi/lib/armv6-m\libg_nano.a(lib_a-impure.o)
 .text          0x00000000        0x0 c:/program files (x86)/cypress/psoc creator/4.4/psoc creator/import/gnu/arm/5.4.1/bin/../lib/gcc/arm-none-eabi/5.4.1/../../../../arm-none-eabi/lib/armv6-m\libg_nano.a(lib_a-init.o)
 .data          0x00000000        0x0 c:/program files (x86)/cypress/psoc creator/4.4/psoc creator/import/gnu/arm/5.4.1/bin/../lib/gcc/arm-none-eabi/5.4.1/../../../../arm-none-eabi/lib/armv6-m\libg_nano.a(lib_a-init.o)
 .bss           0x00000000        0x0 c:/program files (x86)/cypress/psoc creator/4.4/psoc creator/import/gnu/arm/5.4.1/bin/../lib/gcc/arm-none-eabi/5.4.1/../../../../arm-none-eabi/lib/armv6-m\libg_nano.a(lib_a-init.o)
 .text          0x00000000        0x0 c:/program files (x86)/cypress/psoc creator/4.4/psoc creator/import/gnu/arm/5.4.1/bin/../lib/gcc/arm-none-eabi/5.4.1/../../../../arm-none-eabi/lib/armv6-m\libg_nano.a(lib_a-memcpy-stub.o)
 .data          0x00000000        0x0 c:/program files (x86)/cypress/psoc creator/4.4/psoc creator/import/gnu/arm/5.4.1/bin/../lib/gcc/arm-none-eabi/5.4.1/../../../../arm-none-eabi/lib/armv6-m\libg_nano.a(lib_a-memcpy-stub.o)
 .bss           0x00000000        0x0 c:/program files (x86)/cypress/psoc creator/4.4/psoc creator/import/gnu/arm/5.4.1/bin/../lib/gcc/arm-none-eabi/5.4.1/../../../../arm-none-eabi/lib/armv6-m\libg_nano.a(lib_a-memcpy-stub.o)
 .text.memcpy   0x00000000       0x12 c:/program files (x86)/cypress/psoc creator/4.4/psoc creator/import/gnu/arm/5.4.1/bin/../lib/gcc/arm-none-eabi/5.4.1/../../../../arm-none-eabi/lib/armv6-m\libg_nano.a(lib_a-memcpy-stub.o)
 .text          0x00000000        0x0 c:/program files (x86)/cypress/psoc creator/4.4/psoc creator/import/gnu/arm/5.4.1/bin/../lib/gcc/arm-none-eabi/5.4.1/../../../../arm-none-eabi/lib/armv6-m\libg_nano.a(lib_a-memset.o)
 .data          0x00000000        0x0 c:/program files (x86)/cypress/psoc creator/4.4/psoc creator/import/gnu/arm/5.4.1/bin/../lib/gcc/arm-none-eabi/5.4.1/../../../../arm-none-eabi/lib/armv6-m\libg_nano.a(lib_a-memset.o)
 .bss           0x00000000        0x0 c:/program files (x86)/cypress/psoc creator/4.4/psoc creator/import/gnu/arm/5.4.1/bin/../lib/gcc/arm-none-eabi/5.4.1/../../../../arm-none-eabi/lib/armv6-m\libg_nano.a(lib_a-memset.o)
 .text.memset   0x00000000       0x10 c:/program files (x86)/cypress/psoc creator/4.4/psoc creator/import/gnu/arm/5.4.1/bin/../lib/gcc/arm-none-eabi/5.4.1/../../../../arm-none-eabi/lib/armv6-m\libg_nano.a(lib_a-memset.o)
 .text          0x00000000        0x0 c:/program files (x86)/cypress/psoc creator/4.4/psoc creator/import/gnu/arm/5.4.1/bin/../lib/gcc/arm-none-eabi/5.4.1/armv6-m/crtend.o
 .data          0x00000000        0x0 c:/program files (x86)/cypress/psoc creator/4.4/psoc creator/import/gnu/arm/5.4.1/bin/../lib/gcc/arm-none-eabi/5.4.1/armv6-m/crtend.o
 .bss           0x00000000        0x0 c:/program files (x86)/cypress/psoc creator/4.4/psoc creator/import/gnu/arm/5.4.1/bin/../lib/gcc/arm-none-eabi/5.4.1/armv6-m/crtend.o
 .text          0x00000000        0x0 c:/program files (x86)/cypress/psoc creator/4.4/psoc creator/import/gnu/arm/5.4.1/bin/../lib/gcc/arm-none-eabi/5.4.1/armv6-m/crtn.o
 .data          0x00000000        0x0 c:/program files (x86)/cypress/psoc creator/4.4/psoc creator/import/gnu/arm/5.4.1/bin/../lib/gcc/arm-none-eabi/5.4.1/armv6-m/crtn.o
 .bss           0x00000000        0x0 c:/program files (x86)/cypress/psoc creator/4.4/psoc creator/import/gnu/arm/5.4.1/bin/../lib/gcc/arm-none-eabi/5.4.1/armv6-m/crtn.o

Memory Configuration

Name             Origin             Length             Attributes
rom              0x00000000         0x00020000         xr
ram              0x20000000         0x00004000         xrw
*default*        0x00000000         0xffffffff

Linker script and memory map

LOAD c:/program files (x86)/cypress/psoc creator/4.4/psoc creator/import/gnu/arm/5.4.1/bin/../lib/gcc/arm-none-eabi/5.4.1/armv6-m/crti.o
LOAD c:/program files (x86)/cypress/psoc creator/4.4/psoc creator/import/gnu/arm/5.4.1/bin/../lib/gcc/arm-none-eabi/5.4.1/armv6-m/crtbegin.o
LOAD c:/program files (x86)/cypress/psoc creator/4.4/psoc creator/import/gnu/arm/5.4.1/bin/../lib/gcc/arm-none-eabi/5.4.1/../../../../arm-none-eabi/lib/armv6-m/crt0.o
START GROUP
LOAD .\CortexM0p\ARM_GCC_541\Debug\main.o
LOAD .\CortexM0p\ARM_GCC_541\Debug\Display.o
LOAD .\CortexM0p\ARM_GCC_541\Debug\SsdCharacterTable.o
LOAD .\CortexM0p\ARM_GCC_541\Debug\cyfitter_cfg.o
LOAD .\CortexM0p\ARM_GCC_541\Debug\cymetadata.o
LOAD .\CortexM0p\ARM_GCC_541\Debug\Cm0plusStart.o
LOAD .\CortexM0p\ARM_GCC_541\Debug\laundry-captouch-demo.a
LOAD C:\Program Files (x86)\Cypress\PSoC Creator\4.4\PSoC Creator\psoc\content\CyComponentLibrary\CyComponentLibrary.cylib\CapSense_P4_v7_0\PSoC4\Library\Capsense_P4Library_GCCp.a
END GROUP
START GROUP
LOAD c:/program files (x86)/cypress/psoc creator/4.4/psoc creator/import/gnu/arm/5.4.1/bin/../lib/gcc/arm-none-eabi/5.4.1/armv6-m\libgcc.a
LOAD c:/program files (x86)/cypress/psoc creator/4.4/psoc creator/import/gnu/arm/5.4.1/bin/../lib/gcc/arm-none-eabi/5.4.1/../../../../arm-none-eabi/lib/armv6-m\libg_nano.a
LOAD c:/program files (x86)/cypress/psoc creator/4.4/psoc creator/import/gnu/arm/5.4.1/bin/../lib/gcc/arm-none-eabi/5.4.1/../../../../arm-none-eabi/lib/armv6-m\libc_nano.a
END GROUP
START GROUP
LOAD c:/program files (x86)/cypress/psoc creator/4.4/psoc creator/import/gnu/arm/5.4.1/bin/../lib/gcc/arm-none-eabi/5.4.1/armv6-m\libgcc.a
LOAD c:/program files (x86)/cypress/psoc creator/4.4/psoc creator/import/gnu/arm/5.4.1/bin/../lib/gcc/arm-none-eabi/5.4.1/../../../../arm-none-eabi/lib/armv6-m\libc_nano.a
END GROUP
LOAD c:/program files (x86)/cypress/psoc creator/4.4/psoc creator/import/gnu/arm/5.4.1/bin/../lib/gcc/arm-none-eabi/5.4.1/armv6-m/crtend.o
LOAD c:/program files (x86)/cypress/psoc creator/4.4/psoc creator/import/gnu/arm/5.4.1/bin/../lib/gcc/arm-none-eabi/5.4.1/armv6-m/crtn.o
START GROUP
LOAD c:/program files (x86)/cypress/psoc creator/4.4/psoc creator/import/gnu/arm/5.4.1/bin/../lib/gcc/arm-none-eabi/5.4.1/armv6-m\libgcc.a
LOAD c:/program files (x86)/cypress/psoc creator/4.4/psoc creator/import/gnu/arm/5.4.1/bin/../lib/gcc/arm-none-eabi/5.4.1/../../../../arm-none-eabi/lib/armv6-m\libc.a
LOAD c:/program files (x86)/cypress/psoc creator/4.4/psoc creator/import/gnu/arm/5.4.1/bin/../lib/gcc/arm-none-eabi/5.4.1/../../../../arm-none-eabi/lib/armv6-m\libnosys.a
END GROUP
                0x00000000                CY_APPL_ORIGIN = 0x0
                0x00000100                CY_FLASH_ROW_SIZE = 0x100
                0x00000001                CY_APPL_NUM = 0x1
                0x00000001                CY_APPL_MAX = 0x1
                0x00000040                CY_METADATA_SIZE = 0x40
                0x00000000                CY_APPL_LOADABLE = 0x0
                0x00000000                CY_CHECKSUM_EXCLUDE_SIZE = ALIGN (0x0, CY_FLASH_ROW_SIZE)
                0x00000000                CY_APP_FOR_STACK_AND_COPIER = 0x0
                [!provide]                PROVIDE (__cy_heap_start, _end)
                0x00000001                PROVIDE (__cy_region_num, ((__cy_regions_end - __cy_regions) / 0x10))
                0x20004000                PROVIDE (__cy_stack, (ORIGIN (ram) + LENGTH (ram)))
                [!provide]                PROVIDE (__cy_heap_end, (__cy_stack - 0x800))

.cybootloader   0x00000000        0x0
 *(.cybootloader)
                0x00000000                appl1_start = CY_APPL_ORIGIN?CY_APPL_ORIGIN:ALIGN (CY_FLASH_ROW_SIZE)
                0x0000ff00                appl2_start = (appl1_start + ALIGN ((((LENGTH (rom) - appl1_start) - (0x2 * CY_FLASH_ROW_SIZE)) / 0x2), CY_FLASH_ROW_SIZE))
                0x00000000                appl_start = (CY_APPL_NUM == 0x1)?appl1_start:appl2_start
                0x00000001                cy_project_type_bootloader = (appl_start == 0x0)?0x1:0x0
                0x00000000                cy_project_type_app_for_stack_and_copier = (CY_APP_FOR_STACK_AND_COPIER == 0x1)?0x1:0x0

.text           0x00000000      0xa64
 CREATE_OBJECT_SYMBOLS
                0x00000000                PROVIDE (__cy_interrupt_vector, RomVectors)
 *(.romvectors)
 .romvectors    0x00000000       0x10 .\CortexM0p\ARM_GCC_541\Debug\Cm0plusStart.o
                0x00000000                RomVectors
                0x00000001                ASSERT ((. != __cy_interrupt_vector), No interrupt vector)
                0x00000001                ASSERT (CY_APPL_ORIGIN?(SIZEOF (.cybootloader) <= CY_APPL_ORIGIN):0x1, Wrong image location)
                0x00000010                PROVIDE (__cy_reset, Reset)
 *(.text.Reset)
 .text.Reset    0x00000010        0xc .\CortexM0p\ARM_GCC_541\Debug\Cm0plusStart.o
                0x00000010                Reset
                0x00000001                ASSERT ((. != __cy_reset), No reset code)
 *(.psocinit)
 .psocinit      0x0000001c      0x170 .\CortexM0p\ARM_GCC_541\Debug\cyfitter_cfg.o
                0x000000bc                cyfitter_cfg
                0x0000018c                . = MAX (., 0x100)
 *(.text .text.* .gnu.linkonce.t.*)
 .text          0x0000018c       0x60 c:/program files (x86)/cypress/psoc creator/4.4/psoc creator/import/gnu/arm/5.4.1/bin/../lib/gcc/arm-none-eabi/5.4.1/armv6-m/crtbegin.o
 .text.HeartbeatLed_Toggle
                0x000001ec       0x18 .\CortexM0p\ARM_GCC_541\Debug\main.o
                0x000001ec                HeartbeatLed_Toggle
 .text.helloWorld
                0x00000204       0xbc .\CortexM0p\ARM_GCC_541\Debug\main.o
                0x00000204                helloWorld
 .text.main     0x000002c0       0x38 .\CortexM0p\ARM_GCC_541\Debug\main.o
                0x000002c0                main
 .text.cycleClock
                0x000002f8       0x10 .\CortexM0p\ARM_GCC_541\Debug\Display.o
                0x000002f8                cycleClock
 .text.strobe   0x00000308        0x8 .\CortexM0p\ARM_GCC_541\Debug\Display.o
                0x00000308                strobe
 .text.writeByte
                0x00000310       0x68 .\CortexM0p\ARM_GCC_541\Debug\Display.o
                0x00000310                writeByte
 .text.writeBit
                0x00000378        0x8 .\CortexM0p\ARM_GCC_541\Debug\Display.o
                0x00000378                writeBit
 .text.writeToSingleDigit
                0x00000380       0x34 .\CortexM0p\ARM_GCC_541\Debug\Display.o
                0x00000380                writeToSingleDigit
 .text.writeToAllDigits
                0x000003b4       0x54 .\CortexM0p\ARM_GCC_541\Debug\Display.o
                0x000003b4                writeToAllDigits
 .text.ctrlDisplay
                0x00000408       0x3c .\CortexM0p\ARM_GCC_541\Debug\Display.o
                0x00000408                ctrlDisplay
 .text.SetAnalogRoutingPumps
                0x00000444       0x38 .\CortexM0p\ARM_GCC_541\Debug\cyfitter_cfg.o
                0x00000444                SetAnalogRoutingPumps
 .text.AnalogSetDefault
                0x0000047c       0x30 .\CortexM0p\ARM_GCC_541\Debug\cyfitter_cfg.o
 .text.IntDefaultHandler
                0x000004ac       0x10 .\CortexM0p\ARM_GCC_541\Debug\Cm0plusStart.o
                0x000004ac                IntDefaultHandler
 .text.Start_c  0x000004bc       0x48 .\CortexM0p\ARM_GCC_541\Debug\Cm0plusStart.o
                0x000004bc                Start_c
 .text.initialize_psoc
                0x00000504       0x40 .\CortexM0p\ARM_GCC_541\Debug\Cm0plusStart.o
                0x00000504                initialize_psoc
 .text.SegDispStb1_Write
                0x00000544       0x18 .\CortexM0p\ARM_GCC_541\Debug\laundry-captouch-demo.a(SegDispStb1.o)
                0x00000544                SegDispStb1_Write
 .text.SegDispClock_Write
                0x0000055c       0x18 .\CortexM0p\ARM_GCC_541\Debug\laundry-captouch-demo.a(SegDispClock.o)
                0x0000055c                SegDispClock_Write
 .text.SegDispData_Write
                0x00000574       0x18 .\CortexM0p\ARM_GCC_541\Debug\laundry-captouch-demo.a(SegDispData.o)
                0x00000574                SegDispData_Write
 .text.HeartbeatLed_Write
                0x0000058c       0x18 .\CortexM0p\ARM_GCC_541\Debug\laundry-captouch-demo.a(HeartbeatLed.o)
                0x0000058c                HeartbeatLed_Write
 .text.CySysClkImoDisableWcoLock
                0x000005a4       0x4c .\CortexM0p\ARM_GCC_541\Debug\laundry-captouch-demo.a(CyLib.o)
                0x000005a4                CySysClkImoDisableWcoLock
 .text.CySysClkImoGetWcoLock
                0x000005f0       0x14 .\CortexM0p\ARM_GCC_541\Debug\laundry-captouch-demo.a(CyLib.o)
                0x000005f0                CySysClkImoGetWcoLock
 .text.CyIntEnable
                0x00000604       0x14 .\CortexM0p\ARM_GCC_541\Debug\laundry-captouch-demo.a(CyLib.o)
                0x00000604                CyIntEnable
 .text.CyHalt   0x00000618        0x4 .\CortexM0p\ARM_GCC_541\Debug\laundry-captouch-demo.a(CyLib.o)
                0x00000618                CyHalt
 .text.CyIntSetVector
                0x0000061c       0x24 .\CortexM0p\ARM_GCC_541\Debug\laundry-captouch-demo.a(CyLib.o)
                0x0000061c                CyIntSetVector
 .text.CyDelay  0x00000640       0x30 .\CortexM0p\ARM_GCC_541\Debug\laundry-captouch-demo.a(CyLib.o)
                0x00000640                CyDelay
 .text.CySysClkImoEnableWcoLock
                0x00000670       0xd0 .\CortexM0p\ARM_GCC_541\Debug\laundry-captouch-demo.a(CyLib.o)
                0x00000670                CySysClkImoEnableWcoLock
 .text.CySysClkWriteImoFreq
                0x00000740       0xd8 .\CortexM0p\ARM_GCC_541\Debug\laundry-captouch-demo.a(CyLib.o)
                0x00000740                CySysClkWriteImoFreq
 .text.CyDelayUs
                0x00000818       0x14 .\CortexM0p\ARM_GCC_541\Debug\laundry-captouch-demo.a(CyLib.o)
                0x00000818                CyDelayUs
 .text.CySysClkGetTimerSource
                0x0000082c       0x10 .\CortexM0p\ARM_GCC_541\Debug\laundry-captouch-demo.a(CyLFClk.o)
 .text.CySysClkWcoEnabled
                0x0000083c       0x14 .\CortexM0p\ARM_GCC_541\Debug\laundry-captouch-demo.a(CyLFClk.o)
                0x0000083c                CySysClkWcoEnabled
 .text.CySysWdtDisable
                0x00000850       0x10 .\CortexM0p\ARM_GCC_541\Debug\laundry-captouch-demo.a(CyLFClk.o)
                0x00000850                CySysWdtDisable
 .text.CySysClkSetTimerSource
                0x00000860       0x68 .\CortexM0p\ARM_GCC_541\Debug\laundry-captouch-demo.a(CyLFClk.o)
                0x00000860                CySysClkSetTimerSource
 .text.CySysTimerClearInterrupt
                0x000008c8       0x2c .\CortexM0p\ARM_GCC_541\Debug\laundry-captouch-demo.a(CyLFClk.o)
                0x000008c8                CySysTimerClearInterrupt
 .text.CySysTimerIsr
                0x000008f4       0xa4 .\CortexM0p\ARM_GCC_541\Debug\laundry-captouch-demo.a(CyLFClk.o)
                0x000008f4                CySysTimerIsr
 .text          0x00000998       0x20 .\CortexM0p\ARM_GCC_541\Debug\laundry-captouch-demo.a(CyBootAsmGnu.o)
                0x00000998                CyDelayCycles
                0x000009aa                CyEnterCriticalSection
                0x000009b2                CyExitCriticalSection
 .text.CySysFlashSetWaitCycles
                0x000009b8       0x54 .\CortexM0p\ARM_GCC_541\Debug\laundry-captouch-demo.a(CyFlash.o)
                0x000009b8                CySysFlashSetWaitCycles
 .text.__errno  0x00000a0c        0xc c:/program files (x86)/cypress/psoc creator/4.4/psoc creator/import/gnu/arm/5.4.1/bin/../lib/gcc/arm-none-eabi/5.4.1/../../../../arm-none-eabi/lib/armv6-m\libg_nano.a(lib_a-errno.o)
                0x00000a0c                __errno
 .text.__libc_init_array
                0x00000a18       0x4c c:/program files (x86)/cypress/psoc creator/4.4/psoc creator/import/gnu/arm/5.4.1/bin/../lib/gcc/arm-none-eabi/5.4.1/../../../../arm-none-eabi/lib/armv6-m\libg_nano.a(lib_a-init.o)
                0x00000a18                __libc_init_array
 *(.plt)
 *(.gnu.warning)
 *(.glue_7t)
 .glue_7t       0x00000a64        0x0 linker stubs
 *(.glue_7)
 .glue_7        0x00000a64        0x0 linker stubs
 *(.vfp11_veneer)
 .vfp11_veneer  0x00000a64        0x0 linker stubs
 *(.bootloader)
 *(.ARM.extab* .gnu.linkonce.armextab.*)
 *(.gcc_except_table)

.v4_bx          0x00000a64        0x0
 .v4_bx         0x00000a64        0x0 linker stubs

.iplt           0x00000a64        0x0
 .iplt          0x00000a64        0x0 c:/program files (x86)/cypress/psoc creator/4.4/psoc creator/import/gnu/arm/5.4.1/bin/../lib/gcc/arm-none-eabi/5.4.1/armv6-m/crtbegin.o

.eh_frame_hdr
 *(.eh_frame_hdr)

.eh_frame       0x00000a64        0x4
 *(.eh_frame)
 .eh_frame      0x00000a64        0x0 c:/program files (x86)/cypress/psoc creator/4.4/psoc creator/import/gnu/arm/5.4.1/bin/../lib/gcc/arm-none-eabi/5.4.1/armv6-m/crtbegin.o
 .eh_frame      0x00000a64        0x4 c:/program files (x86)/cypress/psoc creator/4.4/psoc creator/import/gnu/arm/5.4.1/bin/../lib/gcc/arm-none-eabi/5.4.1/armv6-m/crtend.o
                [!provide]                PROVIDE (__exidx_start, .)

.ARM.exidx
 *(.ARM.exidx* .gnu.linkonce.armexidx.*)
                0x00000a68                __exidx_end = .

.rodata         0x00000a68       0x88
 *(.rodata .rodata.* .gnu.linkonce.r.*)
 .rodata        0x00000a68       0x4b .\CortexM0p\ARM_GCC_541\Debug\SsdCharacterTable.o
                0x00000a68                characterTable
 .rodata.str1.1
                0x00000ab3        0x2 c:/program files (x86)/cypress/psoc creator/4.4/psoc creator/import/gnu/arm/5.4.1/bin/../lib/gcc/arm-none-eabi/5.4.1/../../../../arm-none-eabi/lib/armv6-m\libg_nano.a(lib_a-impure.o)
                0x00000ab8                . = ALIGN (0x4)
 *fill*         0x00000ab5        0x3 
 *(.init)
 .init          0x00000ab8        0x4 c:/program files (x86)/cypress/psoc creator/4.4/psoc creator/import/gnu/arm/5.4.1/bin/../lib/gcc/arm-none-eabi/5.4.1/armv6-m/crti.o
                0x00000ab8                _init
 .init          0x00000abc        0x8 c:/program files (x86)/cypress/psoc creator/4.4/psoc creator/import/gnu/arm/5.4.1/bin/../lib/gcc/arm-none-eabi/5.4.1/armv6-m/crtn.o
                0x00000ac4                . = ALIGN (0x4)
                0x00000ac4                __preinit_array_start = .
 *(.preinit_array)
                0x00000ac4                __preinit_array_end = .
                0x00000ac4                . = ALIGN (0x4)
                0x00000ac4                __init_array_start = .
 *(SORT(.init_array.*))
 *(.init_array)
 .init_array    0x00000ac4        0x4 c:/program files (x86)/cypress/psoc creator/4.4/psoc creator/import/gnu/arm/5.4.1/bin/../lib/gcc/arm-none-eabi/5.4.1/armv6-m/crtbegin.o
 .init_array    0x00000ac8        0x4 .\CortexM0p\ARM_GCC_541\Debug\Cm0plusStart.o
                0x00000acc                __init_array_end = .
                0x00000acc                . = ALIGN (0x4)
 *(.fini)
 .fini          0x00000acc        0x4 c:/program files (x86)/cypress/psoc creator/4.4/psoc creator/import/gnu/arm/5.4.1/bin/../lib/gcc/arm-none-eabi/5.4.1/armv6-m/crti.o
                0x00000acc                _fini
 .fini          0x00000ad0        0x8 c:/program files (x86)/cypress/psoc creator/4.4/psoc creator/import/gnu/arm/5.4.1/bin/../lib/gcc/arm-none-eabi/5.4.1/armv6-m/crtn.o
                0x00000ad8                . = ALIGN (0x4)
                0x00000ad8                __fini_array_start = .
 *(.fini_array)
 .fini_array    0x00000ad8        0x4 c:/program files (x86)/cypress/psoc creator/4.4/psoc creator/import/gnu/arm/5.4.1/bin/../lib/gcc/arm-none-eabi/5.4.1/armv6-m/crtbegin.o
 *(SORT(.fini_array.*))
                0x00000adc                __fini_array_end = .
                0x00000adc                . = ALIGN (0x4)
 *crtbegin.o(.ctors)
 *(EXCLUDE_FILE(*crtend.o) .ctors)
 *(SORT(.ctors.*))
 *crtend.o(.ctors)
                0x00000adc                . = ALIGN (0x4)
 *crtbegin.o(.dtors)
 *(EXCLUDE_FILE(*crtend.o) .dtors)
 *(SORT(.dtors.*))
 *crtend.o(.dtors)
                0x00000adc                . = ALIGN (0x4)
                0x00000adc                __cy_regions = .
                0x00000adc        0x4 LONG 0xaf0 __cy_region_init_ram
                0x00000ae0        0x4 LONG 0x200000b0 __cy_region_start_data
                0x00000ae4        0x4 LONG 0x80 __cy_region_init_size_ram
                0x00000ae8        0x4 LONG 0x38 __cy_region_zero_size_ram
                0x00000aec                __cy_regions_end = .
                0x00000af0                . = ALIGN (0x8)
 *fill*         0x00000aec        0x4 
                0x00000af0                _etext = .

.cy_checksum_exclude
                0x00000af0        0x0
 *(.cy_checksum_exclude)

.ramvectors     0x20000000       0xb0
                0x20000000                __cy_region_start_ram = .
 *(.ramvectors)
 .ramvectors    0x20000000       0xb0 .\CortexM0p\ARM_GCC_541\Debug\Cm0plusStart.o
                0x20000000                CyRamVectors

.noinit
 *(.noinit)

.data           0x200000b0       0x80 load address 0x00000af0
                0x200000b0                __cy_region_start_data = .
 *(.jcr)
 .jcr           0x200000b0        0x0 c:/program files (x86)/cypress/psoc creator/4.4/psoc creator/import/gnu/arm/5.4.1/bin/../lib/gcc/arm-none-eabi/5.4.1/armv6-m/crtbegin.o
 .jcr           0x200000b0        0x4 c:/program files (x86)/cypress/psoc creator/4.4/psoc creator/import/gnu/arm/5.4.1/bin/../lib/gcc/arm-none-eabi/5.4.1/armv6-m/crtend.o
 *(.got.plt)
 *(.got)
 *(.shdata)
 *(.data .data.* .gnu.linkonce.d.*)
 .data          0x200000b4       0x14 .\CortexM0p\ARM_GCC_541\Debug\laundry-captouch-demo.a(CyLib.o)
                0x200000b4                CySysClkPumpConfig
                0x200000b8                cydelay32kMs
                0x200000bc                cydelayFreqKhz
                0x200000c0                cydelayFreqMhz
                0x200000c4                cydelayFreqHz
 .data          0x200000c8        0x4 .\CortexM0p\ARM_GCC_541\Debug\laundry-captouch-demo.a(CyLFClk.o)
 .data.impure_data
                0x200000cc       0x60 c:/program files (x86)/cypress/psoc creator/4.4/psoc creator/import/gnu/arm/5.4.1/bin/../lib/gcc/arm-none-eabi/5.4.1/../../../../arm-none-eabi/lib/armv6-m\libg_nano.a(lib_a-impure.o)
 .data._impure_ptr
                0x2000012c        0x4 c:/program files (x86)/cypress/psoc creator/4.4/psoc creator/import/gnu/arm/5.4.1/bin/../lib/gcc/arm-none-eabi/5.4.1/../../../../arm-none-eabi/lib/armv6-m\libg_nano.a(lib_a-impure.o)
                0x2000012c                _impure_ptr
                0x20000130                . = ALIGN (0x8)
 *(.ram)
                0x20000130                _edata = .

.igot.plt       0x20000130        0x0 load address 0x00000b70
 .igot.plt      0x20000130        0x0 c:/program files (x86)/cypress/psoc creator/4.4/psoc creator/import/gnu/arm/5.4.1/bin/../lib/gcc/arm-none-eabi/5.4.1/armv6-m/crtbegin.o

.bss            0x20000130       0x38 load address 0x00000b70
                0x20000130                PROVIDE (__bss_start__, .)
 *(.shbss)
 *(.bss .bss.* .gnu.linkonce.b.*)
 .bss           0x20000130       0x1c c:/program files (x86)/cypress/psoc creator/4.4/psoc creator/import/gnu/arm/5.4.1/bin/../lib/gcc/arm-none-eabi/5.4.1/armv6-m/crtbegin.o
 .bss           0x2000014c        0x1 .\CortexM0p\ARM_GCC_541\Debug\main.o
                0x2000014c                curState
 *fill*         0x2000014d        0x3 
 .bss           0x20000150       0x18 .\CortexM0p\ARM_GCC_541\Debug\laundry-captouch-demo.a(CyLFClk.o)
 *(COMMON)
                0x20000168                . = ALIGN (0x8)
 *(.ram.b)
                0x20000168                _end = .
                0x20000168                __end = .
                0x20000168                PROVIDE (end, .)
                0x20000168                PROVIDE (__bss_end__, .)
                0x00000af0                __cy_region_init_ram = LOADADDR (.data)
                0x00000080                __cy_region_init_size_ram = (_edata - ADDR (.data))
                0x00000038                __cy_region_zero_size_ram = (_end - _edata)

.heap           0x20000168       0x80 load address 0x00000b70
                0x20000168                . = _end
                0x200001e8                . = (. + 0x80)
 *fill*         0x20000168       0x80 
                0x200001e8                __cy_heap_limit = .

.stack          0x20003800      0x800
                0x20003800                __cy_stack_limit = .
                0x20004000                . = (. + 0x800)
 *fill*         0x20003800      0x800 
                0x00000001                ASSERT ((__cy_stack_limit >= __cy_heap_limit), region RAM overflowed with stack)
                0x00000000                cy_checksum_exclude_size = (CY_APPL_LOADABLE == 0x1)?SIZEOF (.cy_checksum_exclude):0x0
                0x00000001                ASSERT ((cy_checksum_exclude_size <= CY_CHECKSUM_EXCLUDE_SIZE), CY_BOOT: Section .cy_checksum_exclude size exceedes specified limit.)
                0x0001ffc0                cyloadermeta_start = (cy_project_type_bootloader || cy_project_type_app_for_stack_and_copier)?(LENGTH (rom) - CY_METADATA_SIZE):0xf0000000

.cyloadermeta
 *(.cyloadermeta)
                0x0001ffc0                cyloadablemeta_start = cy_project_type_app_for_stack_and_copier?((LENGTH (rom) - CY_FLASH_ROW_SIZE) - CY_METADATA_SIZE):((LENGTH (rom) - (CY_FLASH_ROW_SIZE * (CY_APPL_NUM - 0x1))) - CY_METADATA_SIZE)

.cyloadablemeta
 *(.cyloadablemeta)

.cyflashprotect
                0x90400000       0x40
 *(.cyflashprotect)
 .cyflashprotect
                0x90400000       0x40 .\CortexM0p\ARM_GCC_541\Debug\cymetadata.o
                0x90400000                cy_meta_flashprotect

.cymeta         0x90500000        0xc
 *(.cymeta)
 .cymeta        0x90500000        0xc .\CortexM0p\ARM_GCC_541\Debug\cymetadata.o
                0x90500000                cy_metadata

.cychipprotect  0x90600000        0x1
 *(.cychipprotect)
 .cychipprotect
                0x90600000        0x1 .\CortexM0p\ARM_GCC_541\Debug\cymetadata.o
                0x90600000                cy_meta_chipprotect

.rel.dyn        0x00000b70        0x0 load address 0x90600004
 .rel.iplt      0x00000b70        0x0 c:/program files (x86)/cypress/psoc creator/4.4/psoc creator/import/gnu/arm/5.4.1/bin/../lib/gcc/arm-none-eabi/5.4.1/armv6-m/crtbegin.o

.stab
 *(.stab)

.stabstr
 *(.stabstr)

.debug
 *(.debug)

.line
 *(.line)

.debug_srcinfo
 *(.debug_srcinfo)

.debug_sfnames
 *(.debug_sfnames)

.debug_aranges  0x00000000      0x698
 *(.debug_aranges)
 .debug_aranges
                0x00000000       0x38 .\CortexM0p\ARM_GCC_541\Debug\main.o
 .debug_aranges
                0x00000038       0x50 .\CortexM0p\ARM_GCC_541\Debug\Display.o
 .debug_aranges
                0x00000088       0x18 .\CortexM0p\ARM_GCC_541\Debug\SsdCharacterTable.o
 .debug_aranges
                0x000000a0       0x38 .\CortexM0p\ARM_GCC_541\Debug\cyfitter_cfg.o
 .debug_aranges
                0x000000d8       0x18 .\CortexM0p\ARM_GCC_541\Debug\cymetadata.o
 .debug_aranges
                0x000000f0       0x48 .\CortexM0p\ARM_GCC_541\Debug\Cm0plusStart.o
 .debug_aranges
                0x00000138       0x48 .\CortexM0p\ARM_GCC_541\Debug\laundry-captouch-demo.a(SegDispStb1.o)
 .debug_aranges
                0x00000180       0x48 .\CortexM0p\ARM_GCC_541\Debug\laundry-captouch-demo.a(SegDispClock.o)
 .debug_aranges
                0x000001c8       0x48 .\CortexM0p\ARM_GCC_541\Debug\laundry-captouch-demo.a(SegDispData.o)
 .debug_aranges
                0x00000210       0x48 .\CortexM0p\ARM_GCC_541\Debug\laundry-captouch-demo.a(HeartbeatLed.o)
 .debug_aranges
                0x00000258      0x230 .\CortexM0p\ARM_GCC_541\Debug\laundry-captouch-demo.a(CyLib.o)
 .debug_aranges
                0x00000488      0x1a8 .\CortexM0p\ARM_GCC_541\Debug\laundry-captouch-demo.a(CyLFClk.o)
 .debug_aranges
                0x00000630       0x20 .\CortexM0p\ARM_GCC_541\Debug\laundry-captouch-demo.a(CyBootAsmGnu.o)
 .debug_aranges
                0x00000650       0x48 .\CortexM0p\ARM_GCC_541\Debug\laundry-captouch-demo.a(CyFlash.o)

.debug_pubnames
 *(.debug_pubnames)

.debug_info     0x00000000     0x3f5c
 *(.debug_info .gnu.linkonce.wi.*)
 .debug_info    0x00000000      0x4f1 .\CortexM0p\ARM_GCC_541\Debug\main.o
 .debug_info    0x000004f1      0x53d .\CortexM0p\ARM_GCC_541\Debug\Display.o
 .debug_info    0x00000a2e       0xac .\CortexM0p\ARM_GCC_541\Debug\SsdCharacterTable.o
 .debug_info    0x00000ada      0x1c3 .\CortexM0p\ARM_GCC_541\Debug\cyfitter_cfg.o
 .debug_info    0x00000c9d       0xf8 .\CortexM0p\ARM_GCC_541\Debug\cymetadata.o
 .debug_info    0x00000d95      0x3a5 .\CortexM0p\ARM_GCC_541\Debug\Cm0plusStart.o
 .debug_info    0x0000113a      0x19d .\CortexM0p\ARM_GCC_541\Debug\laundry-captouch-demo.a(SegDispStb1.o)
 .debug_info    0x000012d7      0x19d .\CortexM0p\ARM_GCC_541\Debug\laundry-captouch-demo.a(SegDispClock.o)
 .debug_info    0x00001474      0x19d .\CortexM0p\ARM_GCC_541\Debug\laundry-captouch-demo.a(SegDispData.o)
 .debug_info    0x00001611      0x19d .\CortexM0p\ARM_GCC_541\Debug\laundry-captouch-demo.a(HeartbeatLed.o)
 .debug_info    0x000017ae     0x15ea .\CortexM0p\ARM_GCC_541\Debug\laundry-captouch-demo.a(CyLib.o)
 .debug_info    0x00002d98      0xd06 .\CortexM0p\ARM_GCC_541\Debug\laundry-captouch-demo.a(CyLFClk.o)
 .debug_info    0x00003a9e       0xa5 .\CortexM0p\ARM_GCC_541\Debug\laundry-captouch-demo.a(CyBootAsmGnu.o)
 .debug_info    0x00003b43      0x419 .\CortexM0p\ARM_GCC_541\Debug\laundry-captouch-demo.a(CyFlash.o)

.debug_abbrev   0x00000000      0xe9e
 *(.debug_abbrev)
 .debug_abbrev  0x00000000       0xfb .\CortexM0p\ARM_GCC_541\Debug\main.o
 .debug_abbrev  0x000000fb       0xf3 .\CortexM0p\ARM_GCC_541\Debug\Display.o
 .debug_abbrev  0x000001ee       0x5d .\CortexM0p\ARM_GCC_541\Debug\SsdCharacterTable.o
 .debug_abbrev  0x0000024b       0xe8 .\CortexM0p\ARM_GCC_541\Debug\cyfitter_cfg.o
 .debug_abbrev  0x00000333       0x5d .\CortexM0p\ARM_GCC_541\Debug\cymetadata.o
 .debug_abbrev  0x00000390      0x1d0 .\CortexM0p\ARM_GCC_541\Debug\Cm0plusStart.o
 .debug_abbrev  0x00000560       0xc8 .\CortexM0p\ARM_GCC_541\Debug\laundry-captouch-demo.a(SegDispStb1.o)
 .debug_abbrev  0x00000628       0xc8 .\CortexM0p\ARM_GCC_541\Debug\laundry-captouch-demo.a(SegDispClock.o)
 .debug_abbrev  0x000006f0       0xc8 .\CortexM0p\ARM_GCC_541\Debug\laundry-captouch-demo.a(SegDispData.o)
 .debug_abbrev  0x000007b8       0xc8 .\CortexM0p\ARM_GCC_541\Debug\laundry-captouch-demo.a(HeartbeatLed.o)
 .debug_abbrev  0x00000880      0x265 .\CortexM0p\ARM_GCC_541\Debug\laundry-captouch-demo.a(CyLib.o)
 .debug_abbrev  0x00000ae5      0x207 .\CortexM0p\ARM_GCC_541\Debug\laundry-captouch-demo.a(CyLFClk.o)
 .debug_abbrev  0x00000cec       0x14 .\CortexM0p\ARM_GCC_541\Debug\laundry-captouch-demo.a(CyBootAsmGnu.o)
 .debug_abbrev  0x00000d00      0x19e .\CortexM0p\ARM_GCC_541\Debug\laundry-captouch-demo.a(CyFlash.o)

.debug_line     0x00000000     0x1d18
 *(.debug_line)
 .debug_line    0x00000000      0x1f9 .\CortexM0p\ARM_GCC_541\Debug\main.o
 .debug_line    0x000001f9      0x23d .\CortexM0p\ARM_GCC_541\Debug\Display.o
 .debug_line    0x00000436      0x131 .\CortexM0p\ARM_GCC_541\Debug\SsdCharacterTable.o
 .debug_line    0x00000567       0xda .\CortexM0p\ARM_GCC_541\Debug\cyfitter_cfg.o
 .debug_line    0x00000641      0x141 .\CortexM0p\ARM_GCC_541\Debug\cymetadata.o
 .debug_line    0x00000782      0x247 .\CortexM0p\ARM_GCC_541\Debug\Cm0plusStart.o
 .debug_line    0x000009c9       0xc3 .\CortexM0p\ARM_GCC_541\Debug\laundry-captouch-demo.a(SegDispStb1.o)
 .debug_line    0x00000a8c       0xc4 .\CortexM0p\ARM_GCC_541\Debug\laundry-captouch-demo.a(SegDispClock.o)
 .debug_line    0x00000b50       0xc3 .\CortexM0p\ARM_GCC_541\Debug\laundry-captouch-demo.a(SegDispData.o)
 .debug_line    0x00000c13       0xc4 .\CortexM0p\ARM_GCC_541\Debug\laundry-captouch-demo.a(HeartbeatLed.o)
 .debug_line    0x00000cd7      0x837 .\CortexM0p\ARM_GCC_541\Debug\laundry-captouch-demo.a(CyLib.o)
 .debug_line    0x0000150e      0x5c1 .\CortexM0p\ARM_GCC_541\Debug\laundry-captouch-demo.a(CyLFClk.o)
 .debug_line    0x00001acf       0x68 .\CortexM0p\ARM_GCC_541\Debug\laundry-captouch-demo.a(CyBootAsmGnu.o)
 .debug_line    0x00001b37      0x1e1 .\CortexM0p\ARM_GCC_541\Debug\laundry-captouch-demo.a(CyFlash.o)

.debug_frame    0x00000000     0x10fc
 *(.debug_frame)
 .debug_frame   0x00000000       0x80 .\CortexM0p\ARM_GCC_541\Debug\main.o
 .debug_frame   0x00000080       0xe8 .\CortexM0p\ARM_GCC_541\Debug\Display.o
 .debug_frame   0x00000168       0x78 .\CortexM0p\ARM_GCC_541\Debug\cyfitter_cfg.o
 .debug_frame   0x000001e0       0xbc .\CortexM0p\ARM_GCC_541\Debug\Cm0plusStart.o
 .debug_frame   0x0000029c       0x70 .\CortexM0p\ARM_GCC_541\Debug\laundry-captouch-demo.a(SegDispStb1.o)
 .debug_frame   0x0000030c       0x70 .\CortexM0p\ARM_GCC_541\Debug\laundry-captouch-demo.a(SegDispClock.o)
 .debug_frame   0x0000037c       0x70 .\CortexM0p\ARM_GCC_541\Debug\laundry-captouch-demo.a(SegDispData.o)
 .debug_frame   0x000003ec       0x70 .\CortexM0p\ARM_GCC_541\Debug\laundry-captouch-demo.a(HeartbeatLed.o)
 .debug_frame   0x0000045c      0x678 .\CortexM0p\ARM_GCC_541\Debug\laundry-captouch-demo.a(CyLib.o)
 .debug_frame   0x00000ad4      0x484 .\CortexM0p\ARM_GCC_541\Debug\laundry-captouch-demo.a(CyLFClk.o)
 .debug_frame   0x00000f58       0xa8 .\CortexM0p\ARM_GCC_541\Debug\laundry-captouch-demo.a(CyFlash.o)
 .debug_frame   0x00001000       0x20 c:/program files (x86)/cypress/psoc creator/4.4/psoc creator/import/gnu/arm/5.4.1/bin/../lib/gcc/arm-none-eabi/5.4.1/armv6-m\libgcc.a(_udivsi3.o)
 .debug_frame   0x00001020       0x20 c:/program files (x86)/cypress/psoc creator/4.4/psoc creator/import/gnu/arm/5.4.1/bin/../lib/gcc/arm-none-eabi/5.4.1/armv6-m\libgcc.a(_divsi3.o)
 .debug_frame   0x00001040       0x20 c:/program files (x86)/cypress/psoc creator/4.4/psoc creator/import/gnu/arm/5.4.1/bin/../lib/gcc/arm-none-eabi/5.4.1/../../../../arm-none-eabi/lib/armv6-m\libg_nano.a(lib_a-errno.o)
 .debug_frame   0x00001060       0x28 c:/program files (x86)/cypress/psoc creator/4.4/psoc creator/import/gnu/arm/5.4.1/bin/../lib/gcc/arm-none-eabi/5.4.1/../../../../arm-none-eabi/lib/armv6-m\libg_nano.a(lib_a-exit.o)
 .debug_frame   0x00001088       0x2c c:/program files (x86)/cypress/psoc creator/4.4/psoc creator/import/gnu/arm/5.4.1/bin/../lib/gcc/arm-none-eabi/5.4.1/../../../../arm-none-eabi/lib/armv6-m\libg_nano.a(lib_a-init.o)
 .debug_frame   0x000010b4       0x28 c:/program files (x86)/cypress/psoc creator/4.4/psoc creator/import/gnu/arm/5.4.1/bin/../lib/gcc/arm-none-eabi/5.4.1/../../../../arm-none-eabi/lib/armv6-m\libg_nano.a(lib_a-memcpy-stub.o)
 .debug_frame   0x000010dc       0x20 c:/program files (x86)/cypress/psoc creator/4.4/psoc creator/import/gnu/arm/5.4.1/bin/../lib/gcc/arm-none-eabi/5.4.1/../../../../arm-none-eabi/lib/armv6-m\libg_nano.a(lib_a-memset.o)

.debug_str      0x00000000     0x1781
 *(.debug_str)
 .debug_str     0x00000000      0x222 .\CortexM0p\ARM_GCC_541\Debug\main.o
                                0x26a (size before relaxing)
 .debug_str     0x00000222       0xa6 .\CortexM0p\ARM_GCC_541\Debug\Display.o
                                0x2b5 (size before relaxing)
 .debug_str     0x000002c8       0x14 .\CortexM0p\ARM_GCC_541\Debug\SsdCharacterTable.o
                                0x1ab (size before relaxing)
 .debug_str     0x000002dc       0xca .\CortexM0p\ARM_GCC_541\Debug\cyfitter_cfg.o
                                0x264 (size before relaxing)
 .debug_str     0x000003a6       0x59 .\CortexM0p\ARM_GCC_541\Debug\cymetadata.o
                                0x1e1 (size before relaxing)
 .debug_str     0x000003ff      0x15b .\CortexM0p\ARM_GCC_541\Debug\Cm0plusStart.o
                                0x328 (size before relaxing)
 .debug_str     0x0000055a       0xcf .\CortexM0p\ARM_GCC_541\Debug\laundry-captouch-demo.a(SegDispStb1.o)
                                0x279 (size before relaxing)
 .debug_str     0x00000629       0xa5 .\CortexM0p\ARM_GCC_541\Debug\laundry-captouch-demo.a(SegDispClock.o)
                                0x280 (size before relaxing)
 .debug_str     0x000006ce       0x9f .\CortexM0p\ARM_GCC_541\Debug\laundry-captouch-demo.a(SegDispData.o)
                                0x279 (size before relaxing)
 .debug_str     0x0000076d       0xa5 .\CortexM0p\ARM_GCC_541\Debug\laundry-captouch-demo.a(HeartbeatLed.o)
                                0x280 (size before relaxing)
 .debug_str     0x00000812      0x817 .\CortexM0p\ARM_GCC_541\Debug\laundry-captouch-demo.a(CyLib.o)
                                0xa38 (size before relaxing)
 .debug_str     0x00001029      0x634 .\CortexM0p\ARM_GCC_541\Debug\laundry-captouch-demo.a(CyLFClk.o)
                                0x8b2 (size before relaxing)
 .debug_str     0x0000165d      0x124 .\CortexM0p\ARM_GCC_541\Debug\laundry-captouch-demo.a(CyFlash.o)
                                0x33b (size before relaxing)

.debug_loc      0x00000000     0x2881
 *(.debug_loc)
 .debug_loc     0x00000000       0x63 .\CortexM0p\ARM_GCC_541\Debug\main.o
 .debug_loc     0x00000063      0x1a2 .\CortexM0p\ARM_GCC_541\Debug\Display.o
 .debug_loc     0x00000205       0x35 .\CortexM0p\ARM_GCC_541\Debug\cyfitter_cfg.o
 .debug_loc     0x0000023a      0x14f .\CortexM0p\ARM_GCC_541\Debug\Cm0plusStart.o
 .debug_loc     0x00000389       0xa2 .\CortexM0p\ARM_GCC_541\Debug\laundry-captouch-demo.a(SegDispStb1.o)
 .debug_loc     0x0000042b       0xa2 .\CortexM0p\ARM_GCC_541\Debug\laundry-captouch-demo.a(SegDispClock.o)
 .debug_loc     0x000004cd       0xa2 .\CortexM0p\ARM_GCC_541\Debug\laundry-captouch-demo.a(SegDispData.o)
 .debug_loc     0x0000056f       0xa2 .\CortexM0p\ARM_GCC_541\Debug\laundry-captouch-demo.a(HeartbeatLed.o)
 .debug_loc     0x00000611     0x162b .\CortexM0p\ARM_GCC_541\Debug\laundry-captouch-demo.a(CyLib.o)
 .debug_loc     0x00001c3c      0xa88 .\CortexM0p\ARM_GCC_541\Debug\laundry-captouch-demo.a(CyLFClk.o)
 .debug_loc     0x000026c4      0x1bd .\CortexM0p\ARM_GCC_541\Debug\laundry-captouch-demo.a(CyFlash.o)

.debug_macinfo
 *(.debug_macinfo)

.debug_ranges   0x00000000      0x598
 *(.debug_ranges)
 .debug_ranges  0x00000000       0x28 .\CortexM0p\ARM_GCC_541\Debug\main.o
 .debug_ranges  0x00000028       0x40 .\CortexM0p\ARM_GCC_541\Debug\Display.o
 .debug_ranges  0x00000068       0x28 .\CortexM0p\ARM_GCC_541\Debug\cyfitter_cfg.o
 .debug_ranges  0x00000090       0x38 .\CortexM0p\ARM_GCC_541\Debug\Cm0plusStart.o
 .debug_ranges  0x000000c8       0x38 .\CortexM0p\ARM_GCC_541\Debug\laundry-captouch-demo.a(SegDispStb1.o)
 .debug_ranges  0x00000100       0x38 .\CortexM0p\ARM_GCC_541\Debug\laundry-captouch-demo.a(SegDispClock.o)
 .debug_ranges  0x00000138       0x38 .\CortexM0p\ARM_GCC_541\Debug\laundry-captouch-demo.a(SegDispData.o)
 .debug_ranges  0x00000170       0x38 .\CortexM0p\ARM_GCC_541\Debug\laundry-captouch-demo.a(HeartbeatLed.o)
 .debug_ranges  0x000001a8      0x220 .\CortexM0p\ARM_GCC_541\Debug\laundry-captouch-demo.a(CyLib.o)
 .debug_ranges  0x000003c8      0x198 .\CortexM0p\ARM_GCC_541\Debug\laundry-captouch-demo.a(CyLFClk.o)
 .debug_ranges  0x00000560       0x38 .\CortexM0p\ARM_GCC_541\Debug\laundry-captouch-demo.a(CyFlash.o)

.comment        0x00000000       0x6e
 .comment       0x00000000       0x6e .\CortexM0p\ARM_GCC_541\Debug\main.o
                                 0x6f (size before relaxing)
 .comment       0x0000006e       0x6f .\CortexM0p\ARM_GCC_541\Debug\Display.o
 .comment       0x0000006e       0x6f .\CortexM0p\ARM_GCC_541\Debug\SsdCharacterTable.o
 .comment       0x0000006e       0x6f .\CortexM0p\ARM_GCC_541\Debug\cyfitter_cfg.o
 .comment       0x0000006e       0x6f .\CortexM0p\ARM_GCC_541\Debug\cymetadata.o
 .comment       0x0000006e       0x6f .\CortexM0p\ARM_GCC_541\Debug\Cm0plusStart.o
 .comment       0x0000006e       0x6f .\CortexM0p\ARM_GCC_541\Debug\laundry-captouch-demo.a(SegDispStb1.o)
 .comment       0x0000006e       0x6f .\CortexM0p\ARM_GCC_541\Debug\laundry-captouch-demo.a(SegDispClock.o)
 .comment       0x0000006e       0x6f .\CortexM0p\ARM_GCC_541\Debug\laundry-captouch-demo.a(SegDispData.o)
 .comment       0x0000006e       0x6f .\CortexM0p\ARM_GCC_541\Debug\laundry-captouch-demo.a(HeartbeatLed.o)
 .comment       0x0000006e       0x6f .\CortexM0p\ARM_GCC_541\Debug\laundry-captouch-demo.a(CyLib.o)
 .comment       0x0000006e       0x6f .\CortexM0p\ARM_GCC_541\Debug\laundry-captouch-demo.a(CyLFClk.o)
 .comment       0x0000006e       0x6f .\CortexM0p\ARM_GCC_541\Debug\laundry-captouch-demo.a(CyFlash.o)

.debug_weaknames
 *(.debug_weaknames)

.debug_funcnames
 *(.debug_funcnames)

.debug_typenames
 *(.debug_typenames)

.debug_varnames
 *(.debug_varnames)

.note.gnu.arm.ident
 *(.note.gnu.arm.ident)

.ARM.attributes
                0x00000000       0x28
 *(.ARM.attributes)
 .ARM.attributes
                0x00000000       0x1e c:/program files (x86)/cypress/psoc creator/4.4/psoc creator/import/gnu/arm/5.4.1/bin/../lib/gcc/arm-none-eabi/5.4.1/armv6-m/crti.o
 .ARM.attributes
                0x0000001e       0x2c c:/program files (x86)/cypress/psoc creator/4.4/psoc creator/import/gnu/arm/5.4.1/bin/../lib/gcc/arm-none-eabi/5.4.1/armv6-m/crtbegin.o
 .ARM.attributes
                0x0000004a       0x1b c:/program files (x86)/cypress/psoc creator/4.4/psoc creator/import/gnu/arm/5.4.1/bin/../lib/gcc/arm-none-eabi/5.4.1/../../../../arm-none-eabi/lib/armv6-m/crt0.o
 .ARM.attributes
                0x00000065       0x32 .\CortexM0p\ARM_GCC_541\Debug\main.o
 .ARM.attributes
                0x00000097       0x32 .\CortexM0p\ARM_GCC_541\Debug\Display.o
 .ARM.attributes
                0x000000c9       0x32 .\CortexM0p\ARM_GCC_541\Debug\SsdCharacterTable.o
 .ARM.attributes
                0x000000fb       0x32 .\CortexM0p\ARM_GCC_541\Debug\cyfitter_cfg.o
 .ARM.attributes
                0x0000012d       0x32 .\CortexM0p\ARM_GCC_541\Debug\cymetadata.o
 .ARM.attributes
                0x0000015f       0x32 .\CortexM0p\ARM_GCC_541\Debug\Cm0plusStart.o
 .ARM.attributes
                0x00000191       0x32 .\CortexM0p\ARM_GCC_541\Debug\laundry-captouch-demo.a(SegDispStb1.o)
 .ARM.attributes
                0x000001c3       0x32 .\CortexM0p\ARM_GCC_541\Debug\laundry-captouch-demo.a(SegDispClock.o)
 .ARM.attributes
                0x000001f5       0x32 .\CortexM0p\ARM_GCC_541\Debug\laundry-captouch-demo.a(SegDispData.o)
 .ARM.attributes
                0x00000227       0x32 .\CortexM0p\ARM_GCC_541\Debug\laundry-captouch-demo.a(HeartbeatLed.o)
 .ARM.attributes
                0x00000259       0x32 .\CortexM0p\ARM_GCC_541\Debug\laundry-captouch-demo.a(CyLib.o)
 .ARM.attributes
                0x0000028b       0x32 .\CortexM0p\ARM_GCC_541\Debug\laundry-captouch-demo.a(CyLFClk.o)
 .ARM.attributes
                0x000002bd       0x22 .\CortexM0p\ARM_GCC_541\Debug\laundry-captouch-demo.a(CyBootAsmGnu.o)
 .ARM.attributes
                0x000002df       0x32 .\CortexM0p\ARM_GCC_541\Debug\laundry-captouch-demo.a(CyFlash.o)
 .ARM.attributes
                0x00000311       0x1e c:/program files (x86)/cypress/psoc creator/4.4/psoc creator/import/gnu/arm/5.4.1/bin/../lib/gcc/arm-none-eabi/5.4.1/armv6-m\libgcc.a(_udivsi3.o)
 .ARM.attributes
                0x0000032f       0x1e c:/program files (x86)/cypress/psoc creator/4.4/psoc creator/import/gnu/arm/5.4.1/bin/../lib/gcc/arm-none-eabi/5.4.1/armv6-m\libgcc.a(_divsi3.o)
 .ARM.attributes
                0x0000034d       0x1e c:/program files (x86)/cypress/psoc creator/4.4/psoc creator/import/gnu/arm/5.4.1/bin/../lib/gcc/arm-none-eabi/5.4.1/armv6-m\libgcc.a(_dvmd_tls.o)
 .ARM.attributes
                0x0000036b       0x2c c:/program files (x86)/cypress/psoc creator/4.4/psoc creator/import/gnu/arm/5.4.1/bin/../lib/gcc/arm-none-eabi/5.4.1/../../../../arm-none-eabi/lib/armv6-m\libg_nano.a(lib_a-errno.o)
 .ARM.attributes
                0x00000397       0x2c c:/program files (x86)/cypress/psoc creator/4.4/psoc creator/import/gnu/arm/5.4.1/bin/../lib/gcc/arm-none-eabi/5.4.1/../../../../arm-none-eabi/lib/armv6-m\libg_nano.a(lib_a-exit.o)
 .ARM.attributes
                0x000003c3       0x2c c:/program files (x86)/cypress/psoc creator/4.4/psoc creator/import/gnu/arm/5.4.1/bin/../lib/gcc/arm-none-eabi/5.4.1/../../../../arm-none-eabi/lib/armv6-m\libg_nano.a(lib_a-impure.o)
 .ARM.attributes
                0x000003ef       0x2c c:/program files (x86)/cypress/psoc creator/4.4/psoc creator/import/gnu/arm/5.4.1/bin/../lib/gcc/arm-none-eabi/5.4.1/../../../../arm-none-eabi/lib/armv6-m\libg_nano.a(lib_a-init.o)
 .ARM.attributes
                0x0000041b       0x2c c:/program files (x86)/cypress/psoc creator/4.4/psoc creator/import/gnu/arm/5.4.1/bin/../lib/gcc/arm-none-eabi/5.4.1/../../../../arm-none-eabi/lib/armv6-m\libg_nano.a(lib_a-memcpy-stub.o)
 .ARM.attributes
                0x00000447       0x2c c:/program files (x86)/cypress/psoc creator/4.4/psoc creator/import/gnu/arm/5.4.1/bin/../lib/gcc/arm-none-eabi/5.4.1/../../../../arm-none-eabi/lib/armv6-m\libg_nano.a(lib_a-memset.o)
 .ARM.attributes
                0x00000473       0x2c c:/program files (x86)/cypress/psoc creator/4.4/psoc creator/import/gnu/arm/5.4.1/bin/../lib/gcc/arm-none-eabi/5.4.1/armv6-m/crtend.o
 .ARM.attributes
                0x0000049f       0x1e c:/program files (x86)/cypress/psoc creator/4.4/psoc creator/import/gnu/arm/5.4.1/bin/../lib/gcc/arm-none-eabi/5.4.1/armv6-m/crtn.o

/DISCARD/
 *(.note.GNU-stack)
OUTPUT(C:\Users\doita\OneDrive\Documents\PSoC Creator\GEA-Hacking\laundry-captouch-demo.cydsn\CortexM0p\ARM_GCC_541\Debug\laundry-captouch-demo.elf elf32-littlearm)
